Archive member included to satisfy reference by file (symbol)

c:/st/stm32cubeide_1.7.0/stm32cubeide/plugins/com.st.stm32cube.ide.mcu.externaltools.gnu-tools-for-stm32.9-2020-q2-update.win32_2.0.0.202105311346/tools/bin/../lib/gcc/arm-none-eabi/9.3.1/../../../../arm-none-eabi/lib/thumb/v7e-m+fp/hard\libc_nano.a(lib_a-errno.o)
                              ./DataLog/User/syscalls.o (__errno)
c:/st/stm32cubeide_1.7.0/stm32cubeide/plugins/com.st.stm32cube.ide.mcu.externaltools.gnu-tools-for-stm32.9-2020-q2-update.win32_2.0.0.202105311346/tools/bin/../lib/gcc/arm-none-eabi/9.3.1/../../../../arm-none-eabi/lib/thumb/v7e-m+fp/hard\libc_nano.a(lib_a-exit.o)
                              c:/st/stm32cubeide_1.7.0/stm32cubeide/plugins/com.st.stm32cube.ide.mcu.externaltools.gnu-tools-for-stm32.9-2020-q2-update.win32_2.0.0.202105311346/tools/bin/../lib/gcc/arm-none-eabi/9.3.1/../../../../arm-none-eabi/lib/thumb/v7e-m+fp/hard/crt0.o (exit)
c:/st/stm32cubeide_1.7.0/stm32cubeide/plugins/com.st.stm32cube.ide.mcu.externaltools.gnu-tools-for-stm32.9-2020-q2-update.win32_2.0.0.202105311346/tools/bin/../lib/gcc/arm-none-eabi/9.3.1/../../../../arm-none-eabi/lib/thumb/v7e-m+fp/hard\libc_nano.a(lib_a-impure.o)
                              c:/st/stm32cubeide_1.7.0/stm32cubeide/plugins/com.st.stm32cube.ide.mcu.externaltools.gnu-tools-for-stm32.9-2020-q2-update.win32_2.0.0.202105311346/tools/bin/../lib/gcc/arm-none-eabi/9.3.1/../../../../arm-none-eabi/lib/thumb/v7e-m+fp/hard\libc_nano.a(lib_a-exit.o) (_global_impure_ptr)
c:/st/stm32cubeide_1.7.0/stm32cubeide/plugins/com.st.stm32cube.ide.mcu.externaltools.gnu-tools-for-stm32.9-2020-q2-update.win32_2.0.0.202105311346/tools/bin/../lib/gcc/arm-none-eabi/9.3.1/../../../../arm-none-eabi/lib/thumb/v7e-m+fp/hard\libc_nano.a(lib_a-init.o)
                              c:/st/stm32cubeide_1.7.0/stm32cubeide/plugins/com.st.stm32cube.ide.mcu.externaltools.gnu-tools-for-stm32.9-2020-q2-update.win32_2.0.0.202105311346/tools/bin/../lib/gcc/arm-none-eabi/9.3.1/../../../../arm-none-eabi/lib/thumb/v7e-m+fp/hard/crt0.o (__libc_init_array)
c:/st/stm32cubeide_1.7.0/stm32cubeide/plugins/com.st.stm32cube.ide.mcu.externaltools.gnu-tools-for-stm32.9-2020-q2-update.win32_2.0.0.202105311346/tools/bin/../lib/gcc/arm-none-eabi/9.3.1/../../../../arm-none-eabi/lib/thumb/v7e-m+fp/hard\libc_nano.a(lib_a-malloc.o)
                              ./Middlewares/FatFs/syscall.o (malloc)
c:/st/stm32cubeide_1.7.0/stm32cubeide/plugins/com.st.stm32cube.ide.mcu.externaltools.gnu-tools-for-stm32.9-2020-q2-update.win32_2.0.0.202105311346/tools/bin/../lib/gcc/arm-none-eabi/9.3.1/../../../../arm-none-eabi/lib/thumb/v7e-m+fp/hard\libc_nano.a(lib_a-memcpy-stub.o)
                              ./DataLog/User/datalog_application.o (memcpy)
c:/st/stm32cubeide_1.7.0/stm32cubeide/plugins/com.st.stm32cube.ide.mcu.externaltools.gnu-tools-for-stm32.9-2020-q2-update.win32_2.0.0.202105311346/tools/bin/../lib/gcc/arm-none-eabi/9.3.1/../../../../arm-none-eabi/lib/thumb/v7e-m+fp/hard\libc_nano.a(lib_a-memset.o)
                              c:/st/stm32cubeide_1.7.0/stm32cubeide/plugins/com.st.stm32cube.ide.mcu.externaltools.gnu-tools-for-stm32.9-2020-q2-update.win32_2.0.0.202105311346/tools/bin/../lib/gcc/arm-none-eabi/9.3.1/../../../../arm-none-eabi/lib/thumb/v7e-m+fp/hard/crt0.o (memset)
c:/st/stm32cubeide_1.7.0/stm32cubeide/plugins/com.st.stm32cube.ide.mcu.externaltools.gnu-tools-for-stm32.9-2020-q2-update.win32_2.0.0.202105311346/tools/bin/../lib/gcc/arm-none-eabi/9.3.1/../../../../arm-none-eabi/lib/thumb/v7e-m+fp/hard\libc_nano.a(lib_a-nano-freer.o)
                              c:/st/stm32cubeide_1.7.0/stm32cubeide/plugins/com.st.stm32cube.ide.mcu.externaltools.gnu-tools-for-stm32.9-2020-q2-update.win32_2.0.0.202105311346/tools/bin/../lib/gcc/arm-none-eabi/9.3.1/../../../../arm-none-eabi/lib/thumb/v7e-m+fp/hard\libc_nano.a(lib_a-malloc.o) (_free_r)
c:/st/stm32cubeide_1.7.0/stm32cubeide/plugins/com.st.stm32cube.ide.mcu.externaltools.gnu-tools-for-stm32.9-2020-q2-update.win32_2.0.0.202105311346/tools/bin/../lib/gcc/arm-none-eabi/9.3.1/../../../../arm-none-eabi/lib/thumb/v7e-m+fp/hard\libc_nano.a(lib_a-nano-mallocr.o)
                              c:/st/stm32cubeide_1.7.0/stm32cubeide/plugins/com.st.stm32cube.ide.mcu.externaltools.gnu-tools-for-stm32.9-2020-q2-update.win32_2.0.0.202105311346/tools/bin/../lib/gcc/arm-none-eabi/9.3.1/../../../../arm-none-eabi/lib/thumb/v7e-m+fp/hard\libc_nano.a(lib_a-malloc.o) (_malloc_r)
c:/st/stm32cubeide_1.7.0/stm32cubeide/plugins/com.st.stm32cube.ide.mcu.externaltools.gnu-tools-for-stm32.9-2020-q2-update.win32_2.0.0.202105311346/tools/bin/../lib/gcc/arm-none-eabi/9.3.1/../../../../arm-none-eabi/lib/thumb/v7e-m+fp/hard\libc_nano.a(lib_a-nano-vfprintf_float.o)
                              (_printf_float)
[...]
Memory Configuration

Name             Origin             Length             Attributes
FLASH            0x0000000008004000 0x0000000000040000 xr
RAM              0x0000000020000000 0x0000000000018000 xrw
SRAM2            0x0000000010000000 0x0000000000008000 xrw
*default*        0x0000000000000000 0xffffffffffffffff

Linker script and memory map

LOAD c:/st/stm32cubeide_1.7.0/stm32cubeide/plugins/com.st.stm32cube.ide.mcu.externaltools.gnu-tools-for-stm32.9-2020-q2-update.win32_2.0.0.202105311346/tools/bin/../lib/gcc/arm-none-eabi/9.3.1/thumb/v7e-m+fp/hard/crti.o
LOAD c:/st/stm32cubeide_1.7.0/stm32cubeide/plugins/com.st.stm32cube.ide.mcu.externaltools.gnu-tools-for-stm32.9-2020-q2-update.win32_2.0.0.202105311346/tools/bin/../lib/gcc/arm-none-eabi/9.3.1/thumb/v7e-m+fp/hard/crtbegin.o
LOAD c:/st/stm32cubeide_1.7.0/stm32cubeide/plugins/com.st.stm32cube.ide.mcu.externaltools.gnu-tools-for-stm32.9-2020-q2-update.win32_2.0.0.202105311346/tools/bin/../lib/gcc/arm-none-eabi/9.3.1/../../../../arm-none-eabi/lib/thumb/v7e-m+fp/hard/crt0.o
LOAD ./DataLog/SW4STM32/startup_stm32l476xx.o
LOAD ./DataLog/User/cube_hal_l4.o
LOAD ./DataLog/User/datalog_application.o
LOAD ./DataLog/User/embeddedML.o
LOAD ./DataLog/User/main.o
LOAD ./DataLog/User/stm32l4xx_hal_msp.o
LOAD ./DataLog/User/stm32l4xx_it.o
LOAD ./DataLog/User/syscalls.o
LOAD ./DataLog/User/usbd_cdc_interface.o
LOAD ./DataLog/User/usbd_conf.o
LOAD ./DataLog/User/usbd_desc.o
LOAD ./Drivers/BSP/Components/HTS221_Driver.o
LOAD ./Drivers/BSP/Components/HTS221_Driver_HL.o
LOAD ./Drivers/BSP/Components/LPS22HB_Driver.o
LOAD ./Drivers/BSP/Components/LPS22HB_Driver_HL.o
LOAD ./Drivers/BSP/Components/LSM303AGR_ACC_driver.o
LOAD ./Drivers/BSP/Components/LSM303AGR_ACC_driver_HL.o
LOAD ./Drivers/BSP/Components/LSM303AGR_MAG_driver.o
LOAD ./Drivers/BSP/Components/LSM303AGR_MAG_driver_HL.o
LOAD ./Drivers/BSP/Components/LSM6DSM_ACC_GYRO_driver.o
LOAD ./Drivers/BSP/Components/LSM6DSM_ACC_GYRO_driver_HL.o
LOAD ./Drivers/BSP/Components/STC3115_Driver.o
LOAD ./Drivers/BSP/SensorTile/SensorTile.o
LOAD ./Drivers/BSP/SensorTile/SensorTile_accelero.o
LOAD ./Drivers/BSP/SensorTile/SensorTile_gg.o
LOAD ./Drivers/BSP/SensorTile/SensorTile_gyro.o
LOAD ./Drivers/BSP/SensorTile/SensorTile_humidity.o
LOAD ./Drivers/BSP/SensorTile/SensorTile_magneto.o
LOAD ./Drivers/BSP/SensorTile/SensorTile_pressure.o
LOAD ./Drivers/BSP/SensorTile/SensorTile_sd.o
LOAD ./Drivers/BSP/SensorTile/SensorTile_temperature.o
LOAD ./Drivers/CMSIS/system_stm32l4xx.o
LOAD ./Drivers/STM32L4xx_HAL_Driver/stm32l4xx_hal.o
LOAD ./Drivers/STM32L4xx_HAL_Driver/stm32l4xx_hal_cortex.o
LOAD ./Drivers/STM32L4xx_HAL_Driver/stm32l4xx_hal_dma.o
LOAD ./Drivers/STM32L4xx_HAL_Driver/stm32l4xx_hal_gpio.o
LOAD ./Drivers/STM32L4xx_HAL_Driver/stm32l4xx_hal_i2c.o
LOAD ./Drivers/STM32L4xx_HAL_Driver/stm32l4xx_hal_i2c_ex.o
LOAD ./Drivers/STM32L4xx_HAL_Driver/stm32l4xx_hal_pcd.o
LOAD ./Drivers/STM32L4xx_HAL_Driver/stm32l4xx_hal_pcd_ex.o
LOAD ./Drivers/STM32L4xx_HAL_Driver/stm32l4xx_hal_pwr.o
LOAD ./Drivers/STM32L4xx_HAL_Driver/stm32l4xx_hal_pwr_ex.o
LOAD ./Drivers/STM32L4xx_HAL_Driver/stm32l4xx_hal_rcc.o
LOAD ./Drivers/STM32L4xx_HAL_Driver/stm32l4xx_hal_rcc_ex.o
LOAD ./Drivers/STM32L4xx_HAL_Driver/stm32l4xx_hal_rtc.o
LOAD ./Drivers/STM32L4xx_HAL_Driver/stm32l4xx_hal_rtc_ex.o
LOAD ./Drivers/STM32L4xx_HAL_Driver/stm32l4xx_hal_spi.o
LOAD ./Drivers/STM32L4xx_HAL_Driver/stm32l4xx_hal_spi_ex.o
LOAD ./Drivers/STM32L4xx_HAL_Driver/stm32l4xx_hal_tim.o
LOAD ./Drivers/STM32L4xx_HAL_Driver/stm32l4xx_hal_tim_ex.o
LOAD ./Drivers/STM32L4xx_HAL_Driver/stm32l4xx_ll_usb.o
LOAD ./Middlewares/FatFs/diskio.o
LOAD ./Middlewares/FatFs/ff.o
LOAD ./Middlewares/FatFs/ff_gen_drv.o
LOAD ./Middlewares/FatFs/sd_diskio.o
LOAD ./Middlewares/FatFs/syscall.o
LOAD ./Middlewares/FatFs/unicode.o
LOAD ./Middlewares/STM32_USBD_Library/Class/usbd_cdc.o
LOAD ./Middlewares/STM32_USBD_Library/Core/usbd_core.o
LOAD ./Middlewares/STM32_USBD_Library/Core/usbd_ctlreq.o
LOAD ./Middlewares/STM32_USBD_Library/Core/usbd_ioreq.o
START GROUP
LOAD c:/st/stm32cubeide_1.7.0/stm32cubeide/plugins/com.st.stm32cube.ide.mcu.externaltools.gnu-tools-for-stm32.9-2020-q2-update.win32_2.0.0.202105311346/tools/bin/../lib/gcc/arm-none-eabi/9.3.1/../../../../arm-none-eabi/lib/thumb/v7e-m+fp/hard\libc_nano.a
LOAD c:/st/stm32cubeide_1.7.0/stm32cubeide/plugins/com.st.stm32cube.ide.mcu.externaltools.gnu-tools-for-stm32.9-2020-q2-update.win32_2.0.0.202105311346/tools/bin/../lib/gcc/arm-none-eabi/9.3.1/../../../../arm-none-eabi/lib/thumb/v7e-m+fp/hard\libm.a
END GROUP
START GROUP
LOAD c:/st/stm32cubeide_1.7.0/stm32cubeide/plugins/com.st.stm32cube.ide.mcu.externaltools.gnu-tools-for-stm32.9-2020-q2-update.win32_2.0.0.202105311346/tools/bin/../lib/gcc/arm-none-eabi/9.3.1/thumb/v7e-m+fp/hard\libgcc.a
LOAD c:/st/stm32cubeide_1.7.0/stm32cubeide/plugins/com.st.stm32cube.ide.mcu.externaltools.gnu-tools-for-stm32.9-2020-q2-update.win32_2.0.0.202105311346/tools/bin/../lib/gcc/arm-none-eabi/9.3.1/../../../../arm-none-eabi/lib/thumb/v7e-m+fp/hard\libc_nano.a
END GROUP
START GROUP
LOAD c:/st/stm32cubeide_1.7.0/stm32cubeide/plugins/com.st.stm32cube.ide.mcu.externaltools.gnu-tools-for-stm32.9-2020-q2-update.win32_2.0.0.202105311346/tools/bin/../lib/gcc/arm-none-eabi/9.3.1/thumb/v7e-m+fp/hard\libgcc.a
LOAD c:/st/stm32cubeide_1.7.0/stm32cubeide/plugins/com.st.stm32cube.ide.mcu.externaltools.gnu-tools-for-stm32.9-2020-q2-update.win32_2.0.0.202105311346/tools/bin/../lib/gcc/arm-none-eabi/9.3.1/../../../../arm-none-eabi/lib/thumb/v7e-m+fp/hard\libc_nano.a
END GROUP
LOAD c:/st/stm32cubeide_1.7.0/stm32cubeide/plugins/com.st.stm32cube.ide.mcu.externaltools.gnu-tools-for-stm32.9-2020-q2-update.win32_2.0.0.202105311346/tools/bin/../lib/gcc/arm-none-eabi/9.3.1/thumb/v7e-m+fp/hard/crtend.o
LOAD c:/st/stm32cubeide_1.7.0/stm32cubeide/plugins/com.st.stm32cube.ide.mcu.externaltools.gnu-tools-for-stm32.9-2020-q2-update.win32_2.0.0.202105311346/tools/bin/../lib/gcc/arm-none-eabi/9.3.1/thumb/v7e-m+fp/hard/crtn.o
                0x0000000020017fff                _estack = 0x20017fff
                0x0000000000002000                _Min_Heap_Size = 0x2000
                0x0000000000002000                _Min_Stack_Size = 0x2000

.isr_vector     0x0000000008004000      0x188
                0x0000000008004000                . = ALIGN (0x8)
 *(.isr_vector)
 .isr_vector    0x0000000008004000      0x188 ./DataLog/SW4STM32/startup_stm32l476xx.o
                0x0000000008004000                g_pfnVectors
                0x0000000008004188                . = ALIGN (0x8)

.text           0x0000000008004190    0x1d880
                0x0000000008004190                . = ALIGN (0x8)
 *(.text)
 .text          0x0000000008004190       0x40 c:/st/stm32cubeide_1.7.0/stm32cubeide/plugins/com.st.stm32cube.ide.mcu.externaltools.gnu-tools-for-stm32.9-2020-q2-update.win32_2.0.0.202105311346/tools/bin/../lib/gcc/arm-none-eabi/9.3.1/thumb/v7e-m+fp/hard/crtbegin.o
 .text          0x00000000080041d0       0x10 c:/st/stm32cubeide_1.7.0/stm32cubeide/plugins/com.st.stm32cube.ide.mcu.externaltools.gnu-tools-for-stm32.9-2020-q2-update.win32_2.0.0.202105311346/tools/bin/../lib/gcc/arm-none-eabi/9.3.1/../../../../arm-none-eabi/lib/thumb/v7e-m+fp/hard\libc_nano.a(lib_a-strlen.o)
                0x00000000080041d0                strlen
 .text          0x00000000080041e0       0xa0 c:/st/stm32cubeide_1.7.0/stm32cubeide/plugins/com.st.stm32cube.ide.mcu.externaltools.gnu-tools-for-stm32.9-2020-q2-update.win32_2.0.0.202105311346/tools/bin/../lib/gcc/arm-none-eabi/9.3.1/../../../../arm-none-eabi/lib/thumb/v7e-m+fp/hard\libc_nano.a(lib_a-memchr.o)
                0x00000000080041e0                memchr
 .text          0x0000000008004280      0x378 c:/st/stm32cubeide_1.7.0/stm32cubeide/plugins/com.st.stm32cube.ide.mcu.externaltools.gnu-tools-for-stm32.9-2020-q2-update.win32_2.0.0.202105311346/tools/bin/../lib/gcc/arm-none-eabi/9.3.1/thumb/v7e-m+fp/hard\libgcc.a(_arm_addsubdf3.o)
                0x0000000008004280                __aeabi_drsub
                0x0000000008004288                __aeabi_dsub
                0x0000000008004288                __subdf3
                0x000000000800428c                __aeabi_dadd
                0x000000000800428c                __adddf3
                0x0000000008004504                __floatunsidf
                0x0000000008004504                __aeabi_ui2d
                0x0000000008004524                __floatsidf
                0x0000000008004524                __aeabi_i2d
                0x0000000008004548                __aeabi_f2d
                0x0000000008004548                __extendsfdf2
                0x000000000800458c                __floatundidf
                0x000000000800458c                __aeabi_ul2d
                0x000000000800459c                __floatdidf
                0x000000000800459c                __aeabi_l2d
 .text          0x00000000080045f8      0x424 c:/st/stm32cubeide_1.7.0/stm32cubeide/plugins/com.st.stm32cube.ide.mcu.externaltools.gnu-tools-for-stm32.9-2020-q2-update.win32_2.0.0.202105311346/tools/bin/../lib/gcc/arm-none-eabi/9.3.1/thumb/v7e-m+fp/hard\libgcc.a(_arm_muldivdf3.o)
                0x00000000080045f8                __aeabi_dmul
                0x00000000080045f8                __muldf3
                0x000000000800484c                __divdf3
                0x000000000800484c                __aeabi_ddiv
 .text          0x0000000008004a1c      0x110 c:/st/stm32cubeide_1.7.0/stm32cubeide/plugins/com.st.stm32cube.ide.mcu.externaltools.gnu-tools-for-stm32.9-2020-q2-update.win32_2.0.0.202105311346/tools/bin/../lib/gcc/arm-none-eabi/9.3.1/thumb/v7e-m+fp/hard\libgcc.a(_arm_cmpdf2.o)
                0x0000000008004a1c                __gtdf2
                0x0000000008004a1c                __gedf2
                0x0000000008004a24                __ltdf2
                0x0000000008004a24                __ledf2
                0x0000000008004a2c                __nedf2
                0x0000000008004a2c                __eqdf2
                0x0000000008004a2c                __cmpdf2
                0x0000000008004aa8                __aeabi_cdrcmple
                0x0000000008004ab8                __aeabi_cdcmpeq
                0x0000000008004ab8                __aeabi_cdcmple
                0x0000000008004ac8                __aeabi_dcmpeq
                0x0000000008004adc                __aeabi_dcmplt
                0x0000000008004af0                __aeabi_dcmple
                0x0000000008004b04                __aeabi_dcmpge
                0x0000000008004b18                __aeabi_dcmpgt
 .text          0x0000000008004b2c       0x2c c:/st/stm32cubeide_1.7.0/stm32cubeide/plugins/com.st.stm32cube.ide.mcu.externaltools.gnu-tools-for-stm32.9-2020-q2-update.win32_2.0.0.202105311346/tools/bin/../lib/gcc/arm-none-eabi/9.3.1/thumb/v7e-m+fp/hard\libgcc.a(_arm_unorddf2.o)
                0x0000000008004b2c                __unorddf2
                0x0000000008004b2c                __aeabi_dcmpun
 .text          0x0000000008004b58       0x50 c:/st/stm32cubeide_1.7.0/stm32cubeide/plugins/com.st.stm32cube.ide.mcu.externaltools.gnu-tools-for-stm32.9-2020-q2-update.win32_2.0.0.202105311346/tools/bin/../lib/gcc/arm-none-eabi/9.3.1/thumb/v7e-m+fp/hard\libgcc.a(_arm_fixdfsi.o)
                0x0000000008004b58                __aeabi_d2iz
                0x0000000008004b58                __fixdfsi
 .text          0x0000000008004ba8       0x40 c:/st/stm32cubeide_1.7.0/stm32cubeide/plugins/com.st.stm32cube.ide.mcu.externaltools.gnu-tools-for-stm32.9-2020-q2-update.win32_2.0.0.202105311346/tools/bin/../lib/gcc/arm-none-eabi/9.3.1/thumb/v7e-m+fp/hard\libgcc.a(_arm_fixunsdfsi.o)
                0x0000000008004ba8                __aeabi_d2uiz
                0x0000000008004ba8                __fixunsdfsi
 .text          0x0000000008004be8       0xa0 c:/st/stm32cubeide_1.7.0/stm32cubeide/plugins/com.st.stm32cube.ide.mcu.externaltools.gnu-tools-for-stm32.9-2020-q2-update.win32_2.0.0.202105311346/tools/bin/../lib/gcc/arm-none-eabi/9.3.1/thumb/v7e-m+fp/hard\libgcc.a(_arm_truncdfsf2.o)
                0x0000000008004be8                __truncdfsf2
                0x0000000008004be8                __aeabi_d2f
 .text          0x0000000008004c88       0xa0 c:/st/stm32cubeide_1.7.0/stm32cubeide/plugins/com.st.stm32cube.ide.mcu.externaltools.gnu-tools-for-stm32.9-2020-q2-update.win32_2.0.0.202105311346/tools/bin/../lib/gcc/arm-none-eabi/9.3.1/thumb/v7e-m+fp/hard\libgcc.a(_aeabi_ldivmod.o)
                0x0000000008004c88                __aeabi_ldivmod
 .text          0x0000000008004d28       0x30 c:/st/stm32cubeide_1.7.0/stm32cubeide/plugins/com.st.stm32cube.ide.mcu.externaltools.gnu-tools-for-stm32.9-2020-q2-update.win32_2.0.0.202105311346/tools/bin/../lib/gcc/arm-none-eabi/9.3.1/thumb/v7e-m+fp/hard\libgcc.a(_fixdfdi.o)
                0x0000000008004d28                __fixdfdi
                0x0000000008004d28                __aeabi_d2lz
 .text          0x0000000008004d58       0x3c c:/st/stm32cubeide_1.7.0/stm32cubeide/plugins/com.st.stm32cube.ide.mcu.externaltools.gnu-tools-for-stm32.9-2020-q2-update.win32_2.0.0.202105311346/tools/bin/../lib/gcc/arm-none-eabi/9.3.1/thumb/v7e-m+fp/hard\libgcc.a(_fixunsdfdi.o)
                0x0000000008004d58                __fixunsdfdi
                0x0000000008004d58                __aeabi_d2ulz
 .text          0x0000000008004d94      0x2c4 c:/st/stm32cubeide_1.7.0/stm32cubeide/plugins/com.st.stm32cube.ide.mcu.externaltools.gnu-tools-for-stm32.9-2020-q2-update.win32_2.0.0.202105311346/tools/bin/../lib/gcc/arm-none-eabi/9.3.1/thumb/v7e-m+fp/hard\libgcc.a(_udivmoddi4.o)
                0x0000000008004d94                __udivmoddi4
 .text          0x0000000008005058        0x4 c:/st/stm32cubeide_1.7.0/stm32cubeide/plugins/com.st.stm32cube.ide.mcu.externaltools.gnu-tools-for-stm32.9-2020-q2-update.win32_2.0.0.202105311346/tools/bin/../lib/gcc/arm-none-eabi/9.3.1/thumb/v7e-m+fp/hard\libgcc.a(_dvmd_tls.o)
                0x0000000008005058                __aeabi_idiv0
                0x0000000008005058                __aeabi_ldiv0
 *(.text*)
 .text.Reset_Handler
                0x000000000800505c       0x50 ./DataLog/SW4STM32/startup_stm32l476xx.o
                0x000000000800505c                Reset_Handler
 .text.Default_Handler
                0x00000000080050ac        0x2 ./DataLog/SW4STM32/startup_stm32l476xx.o
                0x00000000080050ac                RTC_Alarm_IRQHandler
                0x00000000080050ac                TIM8_TRG_COM_IRQHandler
                0x00000000080050ac                TIM8_CC_IRQHandler
                0x00000000080050ac                TIM1_CC_IRQHandler
                0x00000000080050ac                TSC_IRQHandler
                0x00000000080050ac                TAMP_STAMP_IRQHandler
                0x00000000080050ac                PendSV_Handler
                0x00000000080050ac                EXTI3_IRQHandler
                0x00000000080050ac                LPTIM2_IRQHandler
                0x00000000080050ac                DFSDM1_FLT1_IRQHandler
                0x00000000080050ac                I2C3_ER_IRQHandler
                0x00000000080050ac                DFSDM1_FLT2_IRQHandler
                0x00000000080050ac                EXTI0_IRQHandler
                0x00000000080050ac                I2C2_EV_IRQHandler
                0x00000000080050ac                CAN1_RX0_IRQHandler
                0x00000000080050ac                FPU_IRQHandler
                0x00000000080050ac                TIM1_UP_TIM16_IRQHandler
                0x00000000080050ac                UsageFault_Handler
                0x00000000080050ac                ADC1_2_IRQHandler
                0x00000000080050ac                SPI1_IRQHandler
                0x00000000080050ac                TIM6_DAC_IRQHandler
                0x00000000080050ac                TIM8_UP_IRQHandler
                0x00000000080050ac                DMA2_Channel2_IRQHandler
                0x00000000080050ac                DMA1_Channel4_IRQHandler
                0x00000000080050ac                SAI2_IRQHandler
                0x00000000080050ac                DFSDM1_FLT3_IRQHandler
                0x00000000080050ac                USART3_IRQHandler
                0x00000000080050ac                DMA1_Channel7_IRQHandler
                0x00000000080050ac                CAN1_RX1_IRQHandler
                0x00000000080050ac                LCD_IRQHandler
                0x00000000080050ac                UART5_IRQHandler
                0x00000000080050ac                ADC3_IRQHandler
                0x00000000080050ac                TIM4_IRQHandler
                0x00000000080050ac                DMA2_Channel1_IRQHandler
                0x00000000080050ac                QUADSPI_IRQHandler
                0x00000000080050ac                I2C1_EV_IRQHandler
                0x00000000080050ac                DMA1_Channel6_IRQHandler
                0x00000000080050ac                UART4_IRQHandler
                0x00000000080050ac                DMA2_Channel4_IRQHandler
                0x00000000080050ac                RCC_IRQHandler
                0x00000000080050ac                DMA1_Channel1_IRQHandler
                0x00000000080050ac                Default_Handler
                0x00000000080050ac                DMA2_Channel7_IRQHandler
                0x00000000080050ac                EXTI15_10_IRQHandler
                0x00000000080050ac                TIM7_IRQHandler
                0x00000000080050ac                SDMMC1_IRQHandler
                0x00000000080050ac                TIM5_IRQHandler
                0x00000000080050ac                I2C3_EV_IRQHandler
                0x00000000080050ac                EXTI9_5_IRQHandler
                0x00000000080050ac                RTC_WKUP_IRQHandler
                0x00000000080050ac                PVD_PVM_IRQHandler
                0x00000000080050ac                SPI2_IRQHandler
                0x00000000080050ac                MemManage_Handler
                0x00000000080050ac                CAN1_TX_IRQHandler
                0x00000000080050ac                SVC_Handler
                0x00000000080050ac                DMA2_Channel5_IRQHandler
                0x00000000080050ac                DMA1_Channel5_IRQHandler
                0x00000000080050ac                EXTI4_IRQHandler
                0x00000000080050ac                RNG_IRQHandler
                0x00000000080050ac                TIM1_TRG_COM_TIM17_IRQHandler
                0x00000000080050ac                DMA1_Channel3_IRQHandler
                0x00000000080050ac                COMP_IRQHandler
                0x00000000080050ac                WWDG_IRQHandler
                0x00000000080050ac                LPUART1_IRQHandler
                0x00000000080050ac                DMA2_Channel6_IRQHandler
                0x00000000080050ac                TIM2_IRQHandler
                0x00000000080050ac                EXTI1_IRQHandler
                0x00000000080050ac                USART2_IRQHandler
                0x00000000080050ac                DFSDM1_FLT0_IRQHandler
                0x00000000080050ac                I2C2_ER_IRQHandler
                0x00000000080050ac                DMA1_Channel2_IRQHandler
                0x00000000080050ac                TIM8_BRK_IRQHandler
                0x00000000080050ac                CAN1_SCE_IRQHandler
                0x00000000080050ac                FLASH_IRQHandler
                0x00000000080050ac                BusFault_Handler
                0x00000000080050ac                USART1_IRQHandler
                0x00000000080050ac                SPI3_IRQHandler
                0x00000000080050ac                I2C1_ER_IRQHandler
                0x00000000080050ac                FMC_IRQHandler
                0x00000000080050ac                SWPMI1_IRQHandler
                0x00000000080050ac                LPTIM1_IRQHandler
                0x00000000080050ac                SAI1_IRQHandler
                0x00000000080050ac                DMA2_Channel3_IRQHandler
                0x00000000080050ac                TIM1_BRK_TIM15_IRQHandler
 *fill*         0x00000000080050ae        0x2 
 .text.SystemClock_Config
                0x00000000080050b0      0x144 ./DataLog/User/cube_hal_l4.o
                0x00000000080050b0                SystemClock_Config
 .text.Error_Handler
                0x00000000080051f4        0x6 ./DataLog/User/cube_hal_l4.o
 *fill*         0x00000000080051fa        0x2 
 .text.DATALOG_SD_Init
                0x00000000080051fc       0x54 ./DataLog/User/datalog_application.o
                0x00000000080051fc                DATALOG_SD_Init
 .text.BP_ANN   0x0000000008005250      0x7ee ./DataLog/User/embeddedML.o
                0x0000000008005250                BP_ANN
 .text.train_ann
                0x0000000008005a3e       0x92 ./DataLog/User/embeddedML.o
                0x0000000008005a3e                train_ann
 .text.FP_ANN   0x0000000008005ad0      0x222 ./DataLog/User/embeddedML.o
                0x0000000008005ad0                FP_ANN
 .text.run_ann  0x0000000008005cf2       0x24 ./DataLog/User/embeddedML.o
                0x0000000008005cf2                run_ann
 *fill*         0x0000000008005d16        0x2 
 .text.init_ann
                0x0000000008005d18       0x8c ./DataLog/User/embeddedML.o
                0x0000000008005d18                init_ann
 .text.fill_zeros
                0x0000000008005da4       0x3a ./DataLog/User/embeddedML.o
                0x0000000008005da4                fill_zeros
 .text.fill_number
                0x0000000008005dde       0x3c ./DataLog/User/embeddedML.o
                0x0000000008005dde                fill_number
 *fill*         0x0000000008005e1a        0x6 
 .text.relu     0x0000000008005e20       0x88 ./DataLog/User/embeddedML.o
                0x0000000008005e20                relu
 .text.relu2    0x0000000008005ea8       0xb8 ./DataLog/User/embeddedML.o
                0x0000000008005ea8                relu2
 .text.relu_derivative
                0x0000000008005f60       0x50 ./DataLog/User/embeddedML.o
                0x0000000008005f60                relu_derivative
 .text.relu2_derivative
                0x0000000008005fb0       0x50 ./DataLog/User/embeddedML.o
                0x0000000008005fb0                relu2_derivative
 .text.motion_softmax
                0x0000000008006000      0x15c ./DataLog/User/main.o
                0x0000000008006000                motion_softmax
 .text.LED_Code_Blink
                0x000000000800615c       0xa4 ./DataLog/User/main.o
                0x000000000800615c                LED_Code_Blink
 .text.getAccel
                0x0000000008006200       0x64 ./DataLog/User/main.o
                0x0000000008006200                getAccel
 .text.getAngularVelocity
                0x0000000008006264       0x64 ./DataLog/User/main.o
                0x0000000008006264                getAngularVelocity
 .text.Feature_Extraction_State_0
                0x00000000080062c8      0x1c4 ./DataLog/User/main.o
                0x00000000080062c8                Feature_Extraction_State_0
 *fill*         0x000000000800648c        0x4 
 .text.Feature_Extraction_State_1
                0x0000000008006490      0x384 ./DataLog/User/main.o
                0x0000000008006490                Feature_Extraction_State_1
 *fill*         0x0000000008006814        0x4 
 .text.printOutput_ANN
                0x0000000008006818      0x574 ./DataLog/User/main.o
                0x0000000008006818                printOutput_ANN
 .text.TrainOrientation
                0x0000000008006d8c      0xaf4 ./DataLog/User/main.o
                0x0000000008006d8c                TrainOrientation
 .text.Accel_Gyro_Sensor_Handler
                0x0000000008007880      0x758 ./DataLog/User/main.o
                0x0000000008007880                Accel_Gyro_Sensor_Handler
 .text.main     0x0000000008007fd8      0x2f0 ./DataLog/User/main.o
                0x0000000008007fd8                main
 .text.initializeAllSensors
                0x00000000080082c8       0xe8 ./DataLog/User/main.o
 .text.enableAllSensors
                0x00000000080083b0       0x88 ./DataLog/User/main.o
                0x00000000080083b0                enableAllSensors
 .text.RTC_Config
                0x0000000008008438       0x4c ./DataLog/User/main.o
 .text.RTC_TimeStampConfig
                0x0000000008008484       0x68 ./DataLog/User/main.o
 .text.HAL_GPIO_EXTI_Callback
                0x00000000080084ec       0x20 ./DataLog/User/main.o
                0x00000000080084ec                HAL_GPIO_EXTI_Callback
 .text.Error_Handler
                0x000000000800850c        0x6 ./DataLog/User/main.o
 *fill*         0x0000000008008512        0x2 
 .text.HAL_RTC_MspInit
                0x0000000008008514       0x34 ./DataLog/User/stm32l4xx_hal_msp.o
                0x0000000008008514                HAL_RTC_MspInit
 .text.NMI_Handler
                0x0000000008008548        0xe ./DataLog/User/stm32l4xx_it.o
                0x0000000008008548                NMI_Handler
 .text.HardFault_Handler
                0x0000000008008556        0x6 ./DataLog/User/stm32l4xx_it.o
                0x0000000008008556                HardFault_Handler
 .text.DebugMon_Handler
                0x000000000800855c        0xe ./DataLog/User/stm32l4xx_it.o
                0x000000000800855c                DebugMon_Handler
 .text.SysTick_Handler
                0x000000000800856a        0xc ./DataLog/User/stm32l4xx_it.o
                0x000000000800856a                SysTick_Handler
 *fill*         0x0000000008008576        0x2 
 .text.OTG_FS_IRQHandler
                0x0000000008008578       0x14 ./DataLog/User/stm32l4xx_it.o
                0x0000000008008578                OTG_FS_IRQHandler
 .text.TIM3_IRQHandler
                0x000000000800858c       0x14 ./DataLog/User/stm32l4xx_it.o
                0x000000000800858c                TIM3_IRQHandler
 .text.EXTI2_IRQHandler
                0x00000000080085a0        0xe ./DataLog/User/stm32l4xx_it.o
                0x00000000080085a0                EXTI2_IRQHandler
 *fill*         0x00000000080085ae        0x2 
 .text._sbrk    0x00000000080085b0       0x58 ./DataLog/User/syscalls.o
                0x00000000080085b0                _sbrk
 .text._getpid  0x0000000008008608       0x10 ./DataLog/User/syscalls.o
                0x0000000008008608                _getpid
 .text._kill    0x0000000008008618       0x20 ./DataLog/User/syscalls.o
                0x0000000008008618                _kill
 .text._exit    0x0000000008008638       0x14 ./DataLog/User/syscalls.o
                0x0000000008008638                _exit
 .text._write   0x000000000800864c       0x38 ./DataLog/User/syscalls.o
                0x000000000800864c                _write
 .text._close   0x0000000008008684       0x18 ./DataLog/User/syscalls.o
                0x0000000008008684                _close
 .text._fstat   0x000000000800869c       0x20 ./DataLog/User/syscalls.o
                0x000000000800869c                _fstat
 .text._isatty  0x00000000080086bc       0x16 ./DataLog/User/syscalls.o
                0x00000000080086bc                _isatty
 .text._lseek   0x00000000080086d2       0x1a ./DataLog/User/syscalls.o
                0x00000000080086d2                _lseek
 .text._read    0x00000000080086ec       0x22 ./DataLog/User/syscalls.o
                0x00000000080086ec                _read
 *fill*         0x000000000800870e        0x2 
 .text.CDC_Itf_Init
                0x0000000008008710       0x74 ./DataLog/User/usbd_cdc_interface.o
 .text.CDC_Itf_DeInit
                0x0000000008008784       0x10 ./DataLog/User/usbd_cdc_interface.o
 .text.CDC_Itf_Control
                0x0000000008008794      0x15c ./DataLog/User/usbd_cdc_interface.o
 .text.CDC_Fill_Buffer
                0x00000000080088f0       0x54 ./DataLog/User/usbd_cdc_interface.o
                0x00000000080088f0                CDC_Fill_Buffer
 .text.HAL_TIM_PeriodElapsedCallback
                0x0000000008008944       0x90 ./DataLog/User/usbd_cdc_interface.o
                0x0000000008008944                HAL_TIM_PeriodElapsedCallback
 .text.CDC_Itf_Receive
                0x00000000080089d4       0x18 ./DataLog/User/usbd_cdc_interface.o
 .text.TIM_Config
                0x00000000080089ec       0x40 ./DataLog/User/usbd_cdc_interface.o
 .text.Error_Handler
                0x0000000008008a2c        0xe ./DataLog/User/usbd_cdc_interface.o
 *fill*         0x0000000008008a3a        0x2 
 .text.HAL_PCD_MspInit
                0x0000000008008a3c       0x78 ./DataLog/User/usbd_conf.o
                0x0000000008008a3c                HAL_PCD_MspInit
 .text.HAL_PCD_SetupStageCallback
                0x0000000008008ab4       0x24 ./DataLog/User/usbd_conf.o
                0x0000000008008ab4                HAL_PCD_SetupStageCallback
 .text.HAL_PCD_DataOutStageCallback
                0x0000000008008ad8       0x36 ./DataLog/User/usbd_conf.o
                0x0000000008008ad8                HAL_PCD_DataOutStageCallback
 .text.HAL_PCD_DataInStageCallback
                0x0000000008008b0e       0x34 ./DataLog/User/usbd_conf.o
                0x0000000008008b0e                HAL_PCD_DataInStageCallback
 .text.HAL_PCD_SOFCallback
                0x0000000008008b42       0x1c ./DataLog/User/usbd_conf.o
                0x0000000008008b42                HAL_PCD_SOFCallback
 .text.HAL_PCD_ResetCallback
                0x0000000008008b5e       0x2a ./DataLog/User/usbd_conf.o
                0x0000000008008b5e                HAL_PCD_ResetCallback
 .text.HAL_PCD_SuspendCallback
                0x0000000008008b88       0x1c ./DataLog/User/usbd_conf.o
                0x0000000008008b88                HAL_PCD_SuspendCallback
 .text.HAL_PCD_ResumeCallback
                0x0000000008008ba4       0x1c ./DataLog/User/usbd_conf.o
                0x0000000008008ba4                HAL_PCD_ResumeCallback
 .text.HAL_PCD_ISOOUTIncompleteCallback
                0x0000000008008bc0       0x24 ./DataLog/User/usbd_conf.o
                0x0000000008008bc0                HAL_PCD_ISOOUTIncompleteCallback
 .text.HAL_PCD_ISOINIncompleteCallback
                0x0000000008008be4       0x24 ./DataLog/User/usbd_conf.o
                0x0000000008008be4                HAL_PCD_ISOINIncompleteCallback
 .text.HAL_PCD_ConnectCallback
                0x0000000008008c08       0x1c ./DataLog/User/usbd_conf.o
                0x0000000008008c08                HAL_PCD_ConnectCallback
 .text.HAL_PCD_DisconnectCallback
                0x0000000008008c24       0x1c ./DataLog/User/usbd_conf.o
                0x0000000008008c24                HAL_PCD_DisconnectCallback
 .text.USBD_LL_Init
                0x0000000008008c40       0x94 ./DataLog/User/usbd_conf.o
                0x0000000008008c40                USBD_LL_Init
 .text.USBD_LL_Start
                0x0000000008008cd4       0x1e ./DataLog/User/usbd_conf.o
                0x0000000008008cd4                USBD_LL_Start
 .text.USBD_LL_OpenEP
                0x0000000008008cf2       0x34 ./DataLog/User/usbd_conf.o
                0x0000000008008cf2                USBD_LL_OpenEP
 .text.USBD_LL_CloseEP
                0x0000000008008d26       0x26 ./DataLog/User/usbd_conf.o
                0x0000000008008d26                USBD_LL_CloseEP
 .text.USBD_LL_StallEP
                0x0000000008008d4c       0x26 ./DataLog/User/usbd_conf.o
                0x0000000008008d4c                USBD_LL_StallEP
 .text.USBD_LL_ClearStallEP
                0x0000000008008d72       0x26 ./DataLog/User/usbd_conf.o
                0x0000000008008d72                USBD_LL_ClearStallEP
 .text.USBD_LL_IsStallEP
                0x0000000008008d98       0x58 ./DataLog/User/usbd_conf.o
                0x0000000008008d98                USBD_LL_IsStallEP
 .text.USBD_LL_SetUSBAddress
                0x0000000008008df0       0x26 ./DataLog/User/usbd_conf.o
                0x0000000008008df0                USBD_LL_SetUSBAddress
 .text.USBD_LL_Transmit
                0x0000000008008e16       0x2e ./DataLog/User/usbd_conf.o
                0x0000000008008e16                USBD_LL_Transmit
 .text.USBD_LL_PrepareReceive
                0x0000000008008e44       0x2e ./DataLog/User/usbd_conf.o
                0x0000000008008e44                USBD_LL_PrepareReceive
 .text.USBD_LL_GetRxDataSize
                0x0000000008008e72       0x26 ./DataLog/User/usbd_conf.o
                0x0000000008008e72                USBD_LL_GetRxDataSize
 .text.USBD_VCP_DeviceDescriptor
                0x0000000008008e98       0x24 ./DataLog/User/usbd_desc.o
                0x0000000008008e98                USBD_VCP_DeviceDescriptor
 .text.USBD_VCP_LangIDStrDescriptor
                0x0000000008008ebc       0x24 ./DataLog/User/usbd_desc.o
                0x0000000008008ebc                USBD_VCP_LangIDStrDescriptor
 .text.USBD_VCP_ProductStrDescriptor
                0x0000000008008ee0       0x28 ./DataLog/User/usbd_desc.o
                0x0000000008008ee0                USBD_VCP_ProductStrDescriptor
 .text.USBD_VCP_ManufacturerStrDescriptor
                0x0000000008008f08       0x28 ./DataLog/User/usbd_desc.o
                0x0000000008008f08                USBD_VCP_ManufacturerStrDescriptor
 .text.USBD_VCP_SerialStrDescriptor
                0x0000000008008f30       0x24 ./DataLog/User/usbd_desc.o
                0x0000000008008f30                USBD_VCP_SerialStrDescriptor
 .text.USBD_VCP_ConfigStrDescriptor
                0x0000000008008f54       0x28 ./DataLog/User/usbd_desc.o
                0x0000000008008f54                USBD_VCP_ConfigStrDescriptor
 .text.USBD_VCP_InterfaceStrDescriptor
                0x0000000008008f7c       0x28 ./DataLog/User/usbd_desc.o
                0x0000000008008f7c                USBD_VCP_InterfaceStrDescriptor
 .text.Get_SerialNum
                0x0000000008008fa4       0x58 ./DataLog/User/usbd_desc.o
 .text.IntToUnicode
                0x0000000008008ffc       0x7e ./DataLog/User/usbd_desc.o
 .text.HTS221_ReadReg
                0x000000000800907a       0x32 ./Drivers/BSP/Components/HTS221_Driver.o
                0x000000000800907a                HTS221_ReadReg
 .text.HTS221_WriteReg
                0x00000000080090ac       0x32 ./Drivers/BSP/Components/HTS221_Driver.o
                0x00000000080090ac                HTS221_WriteReg
 .text.HTS221_Get_DeviceID
                0x00000000080090de       0x2a ./Drivers/BSP/Components/HTS221_Driver.o
                0x00000000080090de                HTS221_Get_DeviceID
 .text.HTS221_Get_Humidity
                0x0000000008009108      0x150 ./Drivers/BSP/Components/HTS221_Driver.o
                0x0000000008009108                HTS221_Get_Humidity
 .text.HTS221_Get_Temperature
                0x0000000008009258      0x14a ./Drivers/BSP/Components/HTS221_Driver.o
                0x0000000008009258                HTS221_Get_Temperature
 .text.HTS221_Get_DataStatus
                0x00000000080093a2       0x48 ./Drivers/BSP/Components/HTS221_Driver.o
                0x00000000080093a2                HTS221_Get_DataStatus
 .text.HTS221_Activate
                0x00000000080093ea       0x4c ./Drivers/BSP/Components/HTS221_Driver.o
                0x00000000080093ea                HTS221_Activate
 .text.HTS221_DeActivate
                0x0000000008009436       0x4c ./Drivers/BSP/Components/HTS221_Driver.o
                0x0000000008009436                HTS221_DeActivate
 *fill*         0x0000000008009482        0x2 
 .text.HTS221_Set_BduMode
                0x0000000008009484       0x7c ./Drivers/BSP/Components/HTS221_Driver.o
                0x0000000008009484                HTS221_Set_BduMode
 .text.HTS221_Set_Odr
                0x0000000008009500       0x80 ./Drivers/BSP/Components/HTS221_Driver.o
                0x0000000008009500                HTS221_Set_Odr
 .text.HTS221_Get_Odr
                0x0000000008009580       0x3c ./Drivers/BSP/Components/HTS221_Driver.o
                0x0000000008009580                HTS221_Get_Odr
 .text.HTS221_assert_failed
                0x00000000080095bc       0x1c ./Drivers/BSP/Components/HTS221_Driver.o
                0x00000000080095bc                HTS221_assert_failed
 .text.HTS221_H_Init
                0x00000000080095d8       0x42 ./Drivers/BSP/Components/HTS221_Driver_HL.o
 .text.HTS221_H_DeInit
                0x000000000800961a       0x42 ./Drivers/BSP/Components/HTS221_Driver_HL.o
 .text.HTS221_H_Sensor_Enable
                0x000000000800965c       0x4e ./Drivers/BSP/Components/HTS221_Driver_HL.o
 .text.HTS221_H_Sensor_Disable
                0x00000000080096aa       0x4e ./Drivers/BSP/Components/HTS221_Driver_HL.o
 .text.HTS221_H_Get_WhoAmI
                0x00000000080096f8       0x1c ./Drivers/BSP/Components/HTS221_Driver_HL.o
 .text.HTS221_H_Check_WhoAmI
                0x0000000008009714       0x18 ./Drivers/BSP/Components/HTS221_Driver_HL.o
 .text.HTS221_H_Get_Hum
                0x000000000800972c       0x1c ./Drivers/BSP/Components/HTS221_Driver_HL.o
 .text.HTS221_H_Get_ODR
                0x0000000008009748       0x1c ./Drivers/BSP/Components/HTS221_Driver_HL.o
 .text.HTS221_H_Set_ODR
                0x0000000008009764       0x20 ./Drivers/BSP/Components/HTS221_Driver_HL.o
 .text.HTS221_H_Set_ODR_Value
                0x0000000008009784       0x20 ./Drivers/BSP/Components/HTS221_Driver_HL.o
 .text.HTS221_H_Read_Reg
                0x00000000080097a4       0x2e ./Drivers/BSP/Components/HTS221_Driver_HL.o
 .text.HTS221_H_Write_Reg
                0x00000000080097d2       0x30 ./Drivers/BSP/Components/HTS221_Driver_HL.o
 .text.HTS221_H_Get_DRDY_Status
                0x0000000008009802       0x4c ./Drivers/BSP/Components/HTS221_Driver_HL.o
 .text.HTS221_T_Init
                0x000000000800984e       0x42 ./Drivers/BSP/Components/HTS221_Driver_HL.o
 .text.HTS221_T_DeInit
                0x0000000008009890       0x42 ./Drivers/BSP/Components/HTS221_Driver_HL.o
 .text.HTS221_T_Sensor_Enable
                0x00000000080098d2       0x4e ./Drivers/BSP/Components/HTS221_Driver_HL.o
 .text.HTS221_T_Sensor_Disable
                0x0000000008009920       0x4e ./Drivers/BSP/Components/HTS221_Driver_HL.o
 .text.HTS221_T_Get_WhoAmI
                0x000000000800996e       0x1c ./Drivers/BSP/Components/HTS221_Driver_HL.o
 .text.HTS221_T_Check_WhoAmI
                0x000000000800998a       0x18 ./Drivers/BSP/Components/HTS221_Driver_HL.o
 .text.HTS221_T_Get_Temp
                0x00000000080099a2       0x1c ./Drivers/BSP/Components/HTS221_Driver_HL.o
 .text.HTS221_T_Get_ODR
                0x00000000080099be       0x1c ./Drivers/BSP/Components/HTS221_Driver_HL.o
 .text.HTS221_T_Set_ODR
                0x00000000080099da       0x20 ./Drivers/BSP/Components/HTS221_Driver_HL.o
 .text.HTS221_T_Set_ODR_Value
                0x00000000080099fa       0x20 ./Drivers/BSP/Components/HTS221_Driver_HL.o
 .text.HTS221_T_Read_Reg
                0x0000000008009a1a       0x2e ./Drivers/BSP/Components/HTS221_Driver_HL.o
 .text.HTS221_T_Write_Reg
                0x0000000008009a48       0x30 ./Drivers/BSP/Components/HTS221_Driver_HL.o
 .text.HTS221_T_Get_DRDY_Status
                0x0000000008009a78       0x4c ./Drivers/BSP/Components/HTS221_Driver_HL.o
 .text.HTS221_Init
                0x0000000008009ac4       0x56 ./Drivers/BSP/Components/HTS221_Driver_HL.o
 .text.HTS221_Sensor_Enable
                0x0000000008009b1a       0x22 ./Drivers/BSP/Components/HTS221_Driver_HL.o
 .text.HTS221_Sensor_Disable
                0x0000000008009b3c       0x22 ./Drivers/BSP/Components/HTS221_Driver_HL.o
 .text.HTS221_Get_WhoAmI
                0x0000000008009b5e       0x26 ./Drivers/BSP/Components/HTS221_Driver_HL.o
 .text.HTS221_Check_WhoAmI
                0x0000000008009b84       0x3a ./Drivers/BSP/Components/HTS221_Driver_HL.o
 .text.HTS221_Get_Hum
                0x0000000008009bbe       0x46 ./Drivers/BSP/Components/HTS221_Driver_HL.o
 .text.HTS221_Get_Temp
                0x0000000008009c04       0x48 ./Drivers/BSP/Components/HTS221_Driver_HL.o
 .text.HTS221_Get_ODR
                0x0000000008009c4c       0x80 ./Drivers/BSP/Components/HTS221_Driver_HL.o
 .text.HTS221_Set_ODR
                0x0000000008009ccc       0x6c ./Drivers/BSP/Components/HTS221_Driver_HL.o
 .text.HTS221_Set_ODR_Value
                0x0000000008009d38       0x5a ./Drivers/BSP/Components/HTS221_Driver_HL.o
 .text.HTS221_Read_Reg
                0x0000000008009d92       0x2e ./Drivers/BSP/Components/HTS221_Driver_HL.o
 .text.HTS221_Write_Reg
                0x0000000008009dc0       0x30 ./Drivers/BSP/Components/HTS221_Driver_HL.o
 .text.LPS22HB_ReadReg
                0x0000000008009df0       0x32 ./Drivers/BSP/Components/LPS22HB_Driver.o
                0x0000000008009df0                LPS22HB_ReadReg
 .text.LPS22HB_WriteReg
                0x0000000008009e22       0x32 ./Drivers/BSP/Components/LPS22HB_Driver.o
                0x0000000008009e22                LPS22HB_WriteReg
 .text.LPS22HB_Get_DeviceID
                0x0000000008009e54       0x2a ./Drivers/BSP/Components/LPS22HB_Driver.o
                0x0000000008009e54                LPS22HB_Get_DeviceID
 .text.LPS22HB_Set_PowerMode
                0x0000000008009e7e       0x5a ./Drivers/BSP/Components/LPS22HB_Driver.o
                0x0000000008009e7e                LPS22HB_Set_PowerMode
 .text.LPS22HB_Set_Odr
                0x0000000008009ed8       0x5a ./Drivers/BSP/Components/LPS22HB_Driver.o
                0x0000000008009ed8                LPS22HB_Set_Odr
 .text.LPS22HB_Get_Odr
                0x0000000008009f32       0x38 ./Drivers/BSP/Components/LPS22HB_Driver.o
                0x0000000008009f32                LPS22HB_Get_Odr
 .text.LPS22HB_Set_LowPassFilter
                0x0000000008009f6a       0x62 ./Drivers/BSP/Components/LPS22HB_Driver.o
                0x0000000008009f6a                LPS22HB_Set_LowPassFilter
 .text.LPS22HB_Set_LowPassFilterCutoff
                0x0000000008009fcc       0x5a ./Drivers/BSP/Components/LPS22HB_Driver.o
                0x0000000008009fcc                LPS22HB_Set_LowPassFilterCutoff
 .text.LPS22HB_Set_Bdu
                0x000000000800a026       0x5a ./Drivers/BSP/Components/LPS22HB_Driver.o
                0x000000000800a026                LPS22HB_Set_Bdu
 .text.LPS22HB_SwResetAndMemoryBoot
                0x000000000800a080       0x4c ./Drivers/BSP/Components/LPS22HB_Driver.o
                0x000000000800a080                LPS22HB_SwResetAndMemoryBoot
 .text.LPS22HB_Set_FifoModeUse
                0x000000000800a0cc       0x62 ./Drivers/BSP/Components/LPS22HB_Driver.o
                0x000000000800a0cc                LPS22HB_Set_FifoModeUse
 .text.LPS22HB_Set_FifoWatermarkLevelUse
                0x000000000800a12e       0x62 ./Drivers/BSP/Components/LPS22HB_Driver.o
                0x000000000800a12e                LPS22HB_Set_FifoWatermarkLevelUse
 .text.LPS22HB_Set_AutomaticIncrementRegAddress
                0x000000000800a190       0x62 ./Drivers/BSP/Components/LPS22HB_Driver.o
                0x000000000800a190                LPS22HB_Set_AutomaticIncrementRegAddress
 .text.LPS22HB_Set_I2C
                0x000000000800a1f2       0x66 ./Drivers/BSP/Components/LPS22HB_Driver.o
                0x000000000800a1f2                LPS22HB_Set_I2C
 .text.LPS22HB_Set_FIFO_OVR_Interrupt
                0x000000000800a258       0x62 ./Drivers/BSP/Components/LPS22HB_Driver.o
                0x000000000800a258                LPS22HB_Set_FIFO_OVR_Interrupt
 .text.LPS22HB_Set_FIFO_FTH_Interrupt
                0x000000000800a2ba       0x62 ./Drivers/BSP/Components/LPS22HB_Driver.o
                0x000000000800a2ba                LPS22HB_Set_FIFO_FTH_Interrupt
 .text.LPS22HB_Set_FIFO_FULL_Interrupt
                0x000000000800a31c       0x62 ./Drivers/BSP/Components/LPS22HB_Driver.o
                0x000000000800a31c                LPS22HB_Set_FIFO_FULL_Interrupt
 .text.LPS22HB_Get_DataStatus
                0x000000000800a37e       0x64 ./Drivers/BSP/Components/LPS22HB_Driver.o
                0x000000000800a37e                LPS22HB_Get_DataStatus
 .text.LPS22HB_Get_RawPressure
                0x000000000800a3e2       0x76 ./Drivers/BSP/Components/LPS22HB_Driver.o
                0x000000000800a3e2                LPS22HB_Get_RawPressure
 .text.LPS22HB_Get_Pressure
                0x000000000800a458       0x42 ./Drivers/BSP/Components/LPS22HB_Driver.o
                0x000000000800a458                LPS22HB_Get_Pressure
 .text.LPS22HB_Get_RawTemperature
                0x000000000800a49a       0x44 ./Drivers/BSP/Components/LPS22HB_Driver.o
                0x000000000800a49a                LPS22HB_Get_RawTemperature
 *fill*         0x000000000800a4de        0x2 
 .text.LPS22HB_Get_Temperature
                0x000000000800a4e0       0x44 ./Drivers/BSP/Components/LPS22HB_Driver.o
                0x000000000800a4e0                LPS22HB_Get_Temperature
 .text.LPS22HB_Set_FifoMode
                0x000000000800a524       0x5a ./Drivers/BSP/Components/LPS22HB_Driver.o
                0x000000000800a524                LPS22HB_Set_FifoMode
 .text.LPS22HB_Get_FifoMode
                0x000000000800a57e       0x3c ./Drivers/BSP/Components/LPS22HB_Driver.o
                0x000000000800a57e                LPS22HB_Get_FifoMode
 .text.LPS22HB_Set_FifoWatermarkLevel
                0x000000000800a5ba       0x5a ./Drivers/BSP/Components/LPS22HB_Driver.o
                0x000000000800a5ba                LPS22HB_Set_FifoWatermarkLevel
 .text.LPS22HB_Get_FifoWatermarkLevel
                0x000000000800a614       0x38 ./Drivers/BSP/Components/LPS22HB_Driver.o
                0x000000000800a614                LPS22HB_Get_FifoWatermarkLevel
 .text.LPS22HB_Get_FifoStatus
                0x000000000800a64c       0x7e ./Drivers/BSP/Components/LPS22HB_Driver.o
                0x000000000800a64c                LPS22HB_Get_FifoStatus
 .text.LPS22HB_P_Init
                0x000000000800a6ca       0x42 ./Drivers/BSP/Components/LPS22HB_Driver_HL.o
 .text.LPS22HB_P_DeInit
                0x000000000800a70c       0x40 ./Drivers/BSP/Components/LPS22HB_Driver_HL.o
 .text.LPS22HB_P_Sensor_Enable
                0x000000000800a74c       0x50 ./Drivers/BSP/Components/LPS22HB_Driver_HL.o
 .text.LPS22HB_P_Sensor_Disable
                0x000000000800a79c       0x4e ./Drivers/BSP/Components/LPS22HB_Driver_HL.o
 .text.LPS22HB_P_Get_WhoAmI
                0x000000000800a7ea       0x1c ./Drivers/BSP/Components/LPS22HB_Driver_HL.o
 .text.LPS22HB_P_Check_WhoAmI
                0x000000000800a806       0x18 ./Drivers/BSP/Components/LPS22HB_Driver_HL.o
 .text.LPS22HB_P_Get_Press
                0x000000000800a81e       0x1c ./Drivers/BSP/Components/LPS22HB_Driver_HL.o
 .text.LPS22HB_P_Get_ODR
                0x000000000800a83a       0x1c ./Drivers/BSP/Components/LPS22HB_Driver_HL.o
 .text.LPS22HB_P_Set_ODR
                0x000000000800a856       0x54 ./Drivers/BSP/Components/LPS22HB_Driver_HL.o
 .text.LPS22HB_P_Set_ODR_Value
                0x000000000800a8aa       0x54 ./Drivers/BSP/Components/LPS22HB_Driver_HL.o
 .text.LPS22HB_P_Read_Reg
                0x000000000800a8fe       0x2e ./Drivers/BSP/Components/LPS22HB_Driver_HL.o
 .text.LPS22HB_P_Write_Reg
                0x000000000800a92c       0x30 ./Drivers/BSP/Components/LPS22HB_Driver_HL.o
 .text.LPS22HB_P_Get_DRDY_Status
                0x000000000800a95c       0x30 ./Drivers/BSP/Components/LPS22HB_Driver_HL.o
 .text.LPS22HB_T_Init
                0x000000000800a98c       0x42 ./Drivers/BSP/Components/LPS22HB_Driver_HL.o
 .text.LPS22HB_T_DeInit
                0x000000000800a9ce       0x40 ./Drivers/BSP/Components/LPS22HB_Driver_HL.o
 .text.LPS22HB_T_Sensor_Enable
                0x000000000800aa0e       0x50 ./Drivers/BSP/Components/LPS22HB_Driver_HL.o
 .text.LPS22HB_T_Sensor_Disable
                0x000000000800aa5e       0x4e ./Drivers/BSP/Components/LPS22HB_Driver_HL.o
 .text.LPS22HB_T_Get_WhoAmI
                0x000000000800aaac       0x1c ./Drivers/BSP/Components/LPS22HB_Driver_HL.o
 .text.LPS22HB_T_Check_WhoAmI
                0x000000000800aac8       0x18 ./Drivers/BSP/Components/LPS22HB_Driver_HL.o
 .text.LPS22HB_T_Get_Temp
                0x000000000800aae0       0x1c ./Drivers/BSP/Components/LPS22HB_Driver_HL.o
 .text.LPS22HB_T_Get_ODR
                0x000000000800aafc       0x1c ./Drivers/BSP/Components/LPS22HB_Driver_HL.o
 .text.LPS22HB_T_Set_ODR
                0x000000000800ab18       0x54 ./Drivers/BSP/Components/LPS22HB_Driver_HL.o
 .text.LPS22HB_T_Set_ODR_Value
                0x000000000800ab6c       0x54 ./Drivers/BSP/Components/LPS22HB_Driver_HL.o
 .text.LPS22HB_T_Read_Reg
                0x000000000800abc0       0x2e ./Drivers/BSP/Components/LPS22HB_Driver_HL.o
 .text.LPS22HB_T_Write_Reg
                0x000000000800abee       0x30 ./Drivers/BSP/Components/LPS22HB_Driver_HL.o
 .text.LPS22HB_T_Get_DRDY_Status
                0x000000000800ac1e       0x30 ./Drivers/BSP/Components/LPS22HB_Driver_HL.o
 *fill*         0x000000000800ac4e        0x2 
 .text.LPS22HB_Initialize
                0x000000000800ac50       0xbc ./Drivers/BSP/Components/LPS22HB_Driver_HL.o
 .text.LPS22HB_Get_WhoAmI
                0x000000000800ad0c       0x26 ./Drivers/BSP/Components/LPS22HB_Driver_HL.o
 .text.LPS22HB_Check_WhoAmI
                0x000000000800ad32       0x3a ./Drivers/BSP/Components/LPS22HB_Driver_HL.o
 .text.LPS22HB_Get_Press
                0x000000000800ad6c       0x4c ./Drivers/BSP/Components/LPS22HB_Driver_HL.o
 .text.LPS22HB_Get_Temp
                0x000000000800adb8       0x48 ./Drivers/BSP/Components/LPS22HB_Driver_HL.o
 .text.LPS22HB_Get_ODR
                0x000000000800ae00       0xa8 ./Drivers/BSP/Components/LPS22HB_Driver_HL.o
 .text.LPS22HB_Set_ODR_When_Enabled
                0x000000000800aea8       0x88 ./Drivers/BSP/Components/LPS22HB_Driver_HL.o
 .text.LPS22HB_Set_ODR_When_Disabled
                0x000000000800af30       0x7c ./Drivers/BSP/Components/LPS22HB_Driver_HL.o
 .text.LPS22HB_Set_ODR_Value_When_Enabled
                0x000000000800afac       0xa4 ./Drivers/BSP/Components/LPS22HB_Driver_HL.o
 .text.LPS22HB_Set_ODR_Value_When_Disabled
                0x000000000800b050       0x90 ./Drivers/BSP/Components/LPS22HB_Driver_HL.o
 .text.LPS22HB_Read_Reg
                0x000000000800b0e0       0x2e ./Drivers/BSP/Components/LPS22HB_Driver_HL.o
 .text.LPS22HB_Write_Reg
                0x000000000800b10e       0x30 ./Drivers/BSP/Components/LPS22HB_Driver_HL.o
 .text.LPS22HB_FIFO_Get_Empty_Status
                0x000000000800b13e       0x30 ./Drivers/BSP/Components/LPS22HB_Driver_HL.o
 .text.LPS22HB_FIFO_Get_Full_Status
                0x000000000800b16e       0x30 ./Drivers/BSP/Components/LPS22HB_Driver_HL.o
 .text.LPS22HB_FIFO_Get_Ovr_Status
                0x000000000800b19e       0x30 ./Drivers/BSP/Components/LPS22HB_Driver_HL.o
 .text.LPS22HB_FIFO_Get_Fth_Status
                0x000000000800b1ce       0x30 ./Drivers/BSP/Components/LPS22HB_Driver_HL.o
 .text.LPS22HB_FIFO_Stop_On_Fth
                0x000000000800b1fe       0x36 ./Drivers/BSP/Components/LPS22HB_Driver_HL.o
 .text.LPS22HB_FIFO_Usage
                0x000000000800b234       0x36 ./Drivers/BSP/Components/LPS22HB_Driver_HL.o
 .text.LPS22HB_FIFO_Get_Num_Of_Samples
                0x000000000800b26a       0x30 ./Drivers/BSP/Components/LPS22HB_Driver_HL.o
 .text.LPS22HB_FIFO_Get_Data
                0x000000000800b29a       0x3a ./Drivers/BSP/Components/LPS22HB_Driver_HL.o
 .text.LPS22HB_FIFO_Get_Mode
                0x000000000800b2d4       0x30 ./Drivers/BSP/Components/LPS22HB_Driver_HL.o
 .text.LPS22HB_FIFO_Set_Mode
                0x000000000800b304       0x5a ./Drivers/BSP/Components/LPS22HB_Driver_HL.o
 .text.LPS22HB_FIFO_Get_Watermark_Level
                0x000000000800b35e       0x26 ./Drivers/BSP/Components/LPS22HB_Driver_HL.o
 .text.LPS22HB_FIFO_Set_Watermark_Level
                0x000000000800b384       0x2a ./Drivers/BSP/Components/LPS22HB_Driver_HL.o
 .text.LPS22HB_FIFO_Watermark_Usage
                0x000000000800b3ae       0x36 ./Drivers/BSP/Components/LPS22HB_Driver_HL.o
 .text.LPS22HB_FIFO_Set_Interrupt
                0x000000000800b3e4       0x6e ./Drivers/BSP/Components/LPS22HB_Driver_HL.o
 .text.LPS22HB_FIFO_Reset_Interrupt
                0x000000000800b452       0x6e ./Drivers/BSP/Components/LPS22HB_Driver_HL.o
 .text.LSM303AGR_ACC_WriteReg
                0x000000000800b4c0       0x34 ./Drivers/BSP/Components/LSM303AGR_ACC_driver.o
                0x000000000800b4c0                LSM303AGR_ACC_WriteReg
 .text.LSM303AGR_ACC_ReadReg
                0x000000000800b4f4       0x34 ./Drivers/BSP/Components/LSM303AGR_ACC_driver.o
                0x000000000800b4f4                LSM303AGR_ACC_ReadReg
 .text.LSM303AGR_ACC_R_WHO_AM_I
                0x000000000800b528       0x3a ./Drivers/BSP/Components/LSM303AGR_ACC_driver.o
                0x000000000800b528                LSM303AGR_ACC_R_WHO_AM_I
 .text.LSM303AGR_ACC_W_BlockDataUpdate
                0x000000000800b562       0x5a ./Drivers/BSP/Components/LSM303AGR_ACC_driver.o
                0x000000000800b562                LSM303AGR_ACC_W_BlockDataUpdate
 .text.LSM303AGR_ACC_W_FullScale
                0x000000000800b5bc       0x5a ./Drivers/BSP/Components/LSM303AGR_ACC_driver.o
                0x000000000800b5bc                LSM303AGR_ACC_W_FullScale
 .text.LSM303AGR_ACC_R_FullScale
                0x000000000800b616       0x38 ./Drivers/BSP/Components/LSM303AGR_ACC_driver.o
                0x000000000800b616                LSM303AGR_ACC_R_FullScale
 .text.LSM303AGR_ACC_Get_Raw_Acceleration
                0x000000000800b64e       0x2a ./Drivers/BSP/Components/LSM303AGR_ACC_driver.o
                0x000000000800b64e                LSM303AGR_ACC_Get_Raw_Acceleration
 .text.LSM303AGR_ACC_Get_Acceleration
                0x000000000800b678      0x1e4 ./Drivers/BSP/Components/LSM303AGR_ACC_driver.o
                0x000000000800b678                LSM303AGR_ACC_Get_Acceleration
 .text.LSM303AGR_ACC_W_ODR
                0x000000000800b85c       0x5a ./Drivers/BSP/Components/LSM303AGR_ACC_driver.o
                0x000000000800b85c                LSM303AGR_ACC_W_ODR
 .text.LSM303AGR_ACC_R_ODR
                0x000000000800b8b6       0x38 ./Drivers/BSP/Components/LSM303AGR_ACC_driver.o
                0x000000000800b8b6                LSM303AGR_ACC_R_ODR
 .text.LSM303AGR_ACC_W_XEN
                0x000000000800b8ee       0x5a ./Drivers/BSP/Components/LSM303AGR_ACC_driver.o
                0x000000000800b8ee                LSM303AGR_ACC_W_XEN
 .text.LSM303AGR_ACC_R_XEN
                0x000000000800b948       0x38 ./Drivers/BSP/Components/LSM303AGR_ACC_driver.o
                0x000000000800b948                LSM303AGR_ACC_R_XEN
 .text.LSM303AGR_ACC_W_YEN
                0x000000000800b980       0x5a ./Drivers/BSP/Components/LSM303AGR_ACC_driver.o
                0x000000000800b980                LSM303AGR_ACC_W_YEN
 .text.LSM303AGR_ACC_R_YEN
                0x000000000800b9da       0x38 ./Drivers/BSP/Components/LSM303AGR_ACC_driver.o
                0x000000000800b9da                LSM303AGR_ACC_R_YEN
 .text.LSM303AGR_ACC_W_ZEN
                0x000000000800ba12       0x5a ./Drivers/BSP/Components/LSM303AGR_ACC_driver.o
                0x000000000800ba12                LSM303AGR_ACC_W_ZEN
 .text.LSM303AGR_ACC_R_ZEN
                0x000000000800ba6c       0x38 ./Drivers/BSP/Components/LSM303AGR_ACC_driver.o
                0x000000000800ba6c                LSM303AGR_ACC_R_ZEN
 .text.LSM303AGR_ACC_R_LOWPWR_EN
                0x000000000800baa4       0x38 ./Drivers/BSP/Components/LSM303AGR_ACC_driver.o
                0x000000000800baa4                LSM303AGR_ACC_R_LOWPWR_EN
 .text.LSM303AGR_ACC_R_HiRes
                0x000000000800badc       0x38 ./Drivers/BSP/Components/LSM303AGR_ACC_driver.o
                0x000000000800badc                LSM303AGR_ACC_R_HiRes
 .text.LSM303AGR_ACC_R_XDataAvail
                0x000000000800bb14       0x38 ./Drivers/BSP/Components/LSM303AGR_ACC_driver.o
                0x000000000800bb14                LSM303AGR_ACC_R_XDataAvail
 .text.LSM303AGR_ACC_W_FifoMode
                0x000000000800bb4c       0x5a ./Drivers/BSP/Components/LSM303AGR_ACC_driver.o
                0x000000000800bb4c                LSM303AGR_ACC_W_FifoMode
 *fill*         0x000000000800bba6        0x2 
 .text.LSM303AGR_X_Init
                0x000000000800bba8       0xc0 ./Drivers/BSP/Components/LSM303AGR_ACC_driver_HL.o
 .text.LSM303AGR_X_DeInit
                0x000000000800bc68       0x58 ./Drivers/BSP/Components/LSM303AGR_ACC_driver_HL.o
 .text.LSM303AGR_X_Sensor_Enable
                0x000000000800bcc0       0x4a ./Drivers/BSP/Components/LSM303AGR_ACC_driver_HL.o
 .text.LSM303AGR_X_Sensor_Disable
                0x000000000800bd0a       0x58 ./Drivers/BSP/Components/LSM303AGR_ACC_driver_HL.o
 .text.LSM303AGR_X_Get_WhoAmI
                0x000000000800bd62       0x26 ./Drivers/BSP/Components/LSM303AGR_ACC_driver_HL.o
 .text.LSM303AGR_X_Check_WhoAmI
                0x000000000800bd88       0x3a ./Drivers/BSP/Components/LSM303AGR_ACC_driver_HL.o
 .text.LSM303AGR_X_Get_Axes
                0x000000000800bdc2       0x3c ./Drivers/BSP/Components/LSM303AGR_ACC_driver_HL.o
 .text.LSM303AGR_X_Get_AxesRaw
                0x000000000800bdfe       0x42 ./Drivers/BSP/Components/LSM303AGR_ACC_driver_HL.o
 .text.LSM303AGR_X_Get_Sensitivity
                0x000000000800be40       0x88 ./Drivers/BSP/Components/LSM303AGR_ACC_driver_HL.o
 .text.LSM303AGR_X_Get_ODR
                0x000000000800bec8       0xd0 ./Drivers/BSP/Components/LSM303AGR_ACC_driver_HL.o
 .text.LSM303AGR_X_Set_ODR
                0x000000000800bf98       0x46 ./Drivers/BSP/Components/LSM303AGR_ACC_driver_HL.o
 .text.LSM303AGR_X_Set_ODR_Value
                0x000000000800bfde       0x46 ./Drivers/BSP/Components/LSM303AGR_ACC_driver_HL.o
 .text.LSM303AGR_X_Get_FS
                0x000000000800c024       0x7c ./Drivers/BSP/Components/LSM303AGR_ACC_driver_HL.o
 .text.LSM303AGR_X_Set_FS
                0x000000000800c0a0       0x54 ./Drivers/BSP/Components/LSM303AGR_ACC_driver_HL.o
 .text.LSM303AGR_X_Set_FS_Value
                0x000000000800c0f4       0x70 ./Drivers/BSP/Components/LSM303AGR_ACC_driver_HL.o
 .text.LSM303AGR_X_Get_Axes_Status
                0x000000000800c164       0x8c ./Drivers/BSP/Components/LSM303AGR_ACC_driver_HL.o
 .text.LSM303AGR_X_Set_Axes_Status
                0x000000000800c1f0       0x78 ./Drivers/BSP/Components/LSM303AGR_ACC_driver_HL.o
 .text.LSM303AGR_X_Read_Reg
                0x000000000800c268       0x2e ./Drivers/BSP/Components/LSM303AGR_ACC_driver_HL.o
 .text.LSM303AGR_X_Write_Reg
                0x000000000800c296       0x30 ./Drivers/BSP/Components/LSM303AGR_ACC_driver_HL.o
 .text.LSM303AGR_X_Get_DRDY_Status
                0x000000000800c2c6       0x48 ./Drivers/BSP/Components/LSM303AGR_ACC_driver_HL.o
 .text.LSM303AGR_X_Get_Axes_Raw
                0x000000000800c30e       0xca ./Drivers/BSP/Components/LSM303AGR_ACC_driver_HL.o
 .text.LSM303AGR_X_Set_ODR_When_Enabled
                0x000000000800c3d8       0x6c ./Drivers/BSP/Components/LSM303AGR_ACC_driver_HL.o
 .text.LSM303AGR_X_Set_ODR_When_Disabled
                0x000000000800c444       0x84 ./Drivers/BSP/Components/LSM303AGR_ACC_driver_HL.o
 .text.LSM303AGR_X_Set_ODR_Value_When_Enabled
                0x000000000800c4c8       0xc0 ./Drivers/BSP/Components/LSM303AGR_ACC_driver_HL.o
 .text.LSM303AGR_X_Set_ODR_Value_When_Disabled
                0x000000000800c588       0xd8 ./Drivers/BSP/Components/LSM303AGR_ACC_driver_HL.o
 .text.LSM303AGR_X_Get_Sensitivity_Normal_Mode
                0x000000000800c660       0x84 ./Drivers/BSP/Components/LSM303AGR_ACC_driver_HL.o
 .text.LSM303AGR_X_Get_Sensitivity_LP_Mode
                0x000000000800c6e4       0x84 ./Drivers/BSP/Components/LSM303AGR_ACC_driver_HL.o
 .text.LSM303AGR_X_Get_Sensitivity_HR_Mode
                0x000000000800c768       0x84 ./Drivers/BSP/Components/LSM303AGR_ACC_driver_HL.o
 .text.LSM303AGR_MAG_WriteReg
                0x000000000800c7ec       0x34 ./Drivers/BSP/Components/LSM303AGR_MAG_driver.o
                0x000000000800c7ec                LSM303AGR_MAG_WriteReg
 .text.LSM303AGR_MAG_ReadReg
                0x000000000800c820       0x34 ./Drivers/BSP/Components/LSM303AGR_MAG_driver.o
                0x000000000800c820                LSM303AGR_MAG_ReadReg
 .text.LSM303AGR_MAG_R_WHO_AM_I
                0x000000000800c854       0x3a ./Drivers/BSP/Components/LSM303AGR_MAG_driver.o
                0x000000000800c854                LSM303AGR_MAG_R_WHO_AM_I
 .text.LSM303AGR_MAG_W_BDU
                0x000000000800c88e       0x5a ./Drivers/BSP/Components/LSM303AGR_MAG_driver.o
                0x000000000800c88e                LSM303AGR_MAG_W_BDU
 .text.LSM303AGR_MAG_W_MD
                0x000000000800c8e8       0x5a ./Drivers/BSP/Components/LSM303AGR_MAG_driver.o
                0x000000000800c8e8                LSM303AGR_MAG_W_MD
 .text.LSM303AGR_MAG_Get_Raw_Magnetic
                0x000000000800c942       0x2a ./Drivers/BSP/Components/LSM303AGR_MAG_driver.o
                0x000000000800c942                LSM303AGR_MAG_Get_Raw_Magnetic
 .text.LSM303AGR_MAG_W_ODR
                0x000000000800c96c       0x5a ./Drivers/BSP/Components/LSM303AGR_MAG_driver.o
                0x000000000800c96c                LSM303AGR_MAG_W_ODR
 .text.LSM303AGR_MAG_R_ODR
                0x000000000800c9c6       0x38 ./Drivers/BSP/Components/LSM303AGR_MAG_driver.o
                0x000000000800c9c6                LSM303AGR_MAG_R_ODR
 .text.LSM303AGR_MAG_W_ST
                0x000000000800c9fe       0x5a ./Drivers/BSP/Components/LSM303AGR_MAG_driver.o
                0x000000000800c9fe                LSM303AGR_MAG_W_ST
 .text.LSM303AGR_MAG_W_I2C_DIS
                0x000000000800ca58       0x5a ./Drivers/BSP/Components/LSM303AGR_MAG_driver.o
                0x000000000800ca58                LSM303AGR_MAG_W_I2C_DIS
 .text.LSM303AGR_MAG_R_ZYXDA
                0x000000000800cab2       0x38 ./Drivers/BSP/Components/LSM303AGR_MAG_driver.o
                0x000000000800cab2                LSM303AGR_MAG_R_ZYXDA
 .text.LSM303AGR_M_Init
                0x000000000800caea       0x9a ./Drivers/BSP/Components/LSM303AGR_MAG_driver_HL.o
 .text.LSM303AGR_M_DeInit
                0x000000000800cb84       0x50 ./Drivers/BSP/Components/LSM303AGR_MAG_driver_HL.o
 .text.LSM303AGR_M_Sensor_Enable
                0x000000000800cbd4       0x36 ./Drivers/BSP/Components/LSM303AGR_MAG_driver_HL.o
 .text.LSM303AGR_M_Sensor_Disable
                0x000000000800cc0a       0x36 ./Drivers/BSP/Components/LSM303AGR_MAG_driver_HL.o
 .text.LSM303AGR_M_Get_WhoAmI
                0x000000000800cc40       0x26 ./Drivers/BSP/Components/LSM303AGR_MAG_driver_HL.o
 .text.LSM303AGR_M_Check_WhoAmI
                0x000000000800cc66       0x3a ./Drivers/BSP/Components/LSM303AGR_MAG_driver_HL.o
 .text.LSM303AGR_M_Get_Axes
                0x000000000800cca0       0xa6 ./Drivers/BSP/Components/LSM303AGR_MAG_driver_HL.o
 .text.LSM303AGR_M_Get_AxesRaw
                0x000000000800cd46       0x42 ./Drivers/BSP/Components/LSM303AGR_MAG_driver_HL.o
 .text.LSM303AGR_M_Get_Sensitivity
                0x000000000800cd88       0x20 ./Drivers/BSP/Components/LSM303AGR_MAG_driver_HL.o
 .text.LSM303AGR_M_Get_ODR
                0x000000000800cda8       0xa8 ./Drivers/BSP/Components/LSM303AGR_MAG_driver_HL.o
 .text.LSM303AGR_M_Set_ODR
                0x000000000800ce50       0x6c ./Drivers/BSP/Components/LSM303AGR_MAG_driver_HL.o
 .text.LSM303AGR_M_Set_ODR_Value
                0x000000000800cebc       0x74 ./Drivers/BSP/Components/LSM303AGR_MAG_driver_HL.o
 .text.LSM303AGR_M_Get_FS
                0x000000000800cf30       0x24 ./Drivers/BSP/Components/LSM303AGR_MAG_driver_HL.o
 .text.LSM303AGR_M_Set_FS
                0x000000000800cf54       0x1a ./Drivers/BSP/Components/LSM303AGR_MAG_driver_HL.o
 .text.LSM303AGR_M_Set_FS_Value
                0x000000000800cf6e       0x1a ./Drivers/BSP/Components/LSM303AGR_MAG_driver_HL.o
 .text.LSM303AGR_M_Read_Reg
                0x000000000800cf88       0x2e ./Drivers/BSP/Components/LSM303AGR_MAG_driver_HL.o
 .text.LSM303AGR_M_Write_Reg
                0x000000000800cfb6       0x30 ./Drivers/BSP/Components/LSM303AGR_MAG_driver_HL.o
 .text.LSM303AGR_M_Get_DRDY_Status
                0x000000000800cfe6       0x48 ./Drivers/BSP/Components/LSM303AGR_MAG_driver_HL.o
 *fill*         0x000000000800d02e        0x2 
 .text.LSM303AGR_M_Get_Axes_Raw
                0x000000000800d030       0x68 ./Drivers/BSP/Components/LSM303AGR_MAG_driver_HL.o
 .text.LSM6DSM_ACC_GYRO_ReadReg
                0x000000000800d098       0x2e ./Drivers/BSP/Components/LSM6DSM_ACC_GYRO_driver.o
                0x000000000800d098                LSM6DSM_ACC_GYRO_ReadReg
 .text.LSM6DSM_ACC_GYRO_WriteReg
                0x000000000800d0c6       0x30 ./Drivers/BSP/Components/LSM6DSM_ACC_GYRO_driver.o
                0x000000000800d0c6                LSM6DSM_ACC_GYRO_WriteReg
 .text.LSM6DSM_ACC_GYRO_W_EmbeddedAccess
                0x000000000800d0f6       0x58 ./Drivers/BSP/Components/LSM6DSM_ACC_GYRO_driver.o
                0x000000000800d0f6                LSM6DSM_ACC_GYRO_W_EmbeddedAccess
 .text.LSM6DSM_ACC_GYRO_W_FIFO_MODE
                0x000000000800d14e       0x58 ./Drivers/BSP/Components/LSM6DSM_ACC_GYRO_driver.o
                0x000000000800d14e                LSM6DSM_ACC_GYRO_W_FIFO_MODE
 .text.LSM6DSM_ACC_GYRO_W_STEP_DELTA_on_INT2
                0x000000000800d1a6       0x58 ./Drivers/BSP/Components/LSM6DSM_ACC_GYRO_driver.o
                0x000000000800d1a6                LSM6DSM_ACC_GYRO_W_STEP_DELTA_on_INT2
 .text.LSM6DSM_ACC_GYRO_R_WHO_AM_I
                0x000000000800d1fe       0x38 ./Drivers/BSP/Components/LSM6DSM_ACC_GYRO_driver.o
                0x000000000800d1fe                LSM6DSM_ACC_GYRO_R_WHO_AM_I
 .text.LSM6DSM_ACC_GYRO_W_FS_XL
                0x000000000800d236       0x58 ./Drivers/BSP/Components/LSM6DSM_ACC_GYRO_driver.o
                0x000000000800d236                LSM6DSM_ACC_GYRO_W_FS_XL
 .text.LSM6DSM_ACC_GYRO_R_FS_XL
                0x000000000800d28e       0x36 ./Drivers/BSP/Components/LSM6DSM_ACC_GYRO_driver.o
                0x000000000800d28e                LSM6DSM_ACC_GYRO_R_FS_XL
 .text.LSM6DSM_ACC_GYRO_W_ODR_XL
                0x000000000800d2c4       0x58 ./Drivers/BSP/Components/LSM6DSM_ACC_GYRO_driver.o
                0x000000000800d2c4                LSM6DSM_ACC_GYRO_W_ODR_XL
 .text.LSM6DSM_ACC_GYRO_R_ODR_XL
                0x000000000800d31c       0x36 ./Drivers/BSP/Components/LSM6DSM_ACC_GYRO_driver.o
                0x000000000800d31c                LSM6DSM_ACC_GYRO_R_ODR_XL
 .text.LSM6DSM_ACC_GYRO_W_FS_125
                0x000000000800d352       0x58 ./Drivers/BSP/Components/LSM6DSM_ACC_GYRO_driver.o
                0x000000000800d352                LSM6DSM_ACC_GYRO_W_FS_125
 .text.LSM6DSM_ACC_GYRO_R_FS_125
                0x000000000800d3aa       0x36 ./Drivers/BSP/Components/LSM6DSM_ACC_GYRO_driver.o
                0x000000000800d3aa                LSM6DSM_ACC_GYRO_R_FS_125
 .text.LSM6DSM_ACC_GYRO_W_FS_G
                0x000000000800d3e0       0x58 ./Drivers/BSP/Components/LSM6DSM_ACC_GYRO_driver.o
                0x000000000800d3e0                LSM6DSM_ACC_GYRO_W_FS_G
 .text.LSM6DSM_ACC_GYRO_R_FS_G
                0x000000000800d438       0x36 ./Drivers/BSP/Components/LSM6DSM_ACC_GYRO_driver.o
                0x000000000800d438                LSM6DSM_ACC_GYRO_R_FS_G
 .text.LSM6DSM_ACC_GYRO_W_ODR_G
                0x000000000800d46e       0x58 ./Drivers/BSP/Components/LSM6DSM_ACC_GYRO_driver.o
                0x000000000800d46e                LSM6DSM_ACC_GYRO_W_ODR_G
 .text.LSM6DSM_ACC_GYRO_R_ODR_G
                0x000000000800d4c6       0x36 ./Drivers/BSP/Components/LSM6DSM_ACC_GYRO_driver.o
                0x000000000800d4c6                LSM6DSM_ACC_GYRO_R_ODR_G
 .text.LSM6DSM_ACC_GYRO_W_IF_Addr_Incr
                0x000000000800d4fc       0x58 ./Drivers/BSP/Components/LSM6DSM_ACC_GYRO_driver.o
                0x000000000800d4fc                LSM6DSM_ACC_GYRO_W_IF_Addr_Incr
 .text.LSM6DSM_ACC_GYRO_W_BDU
                0x000000000800d554       0x58 ./Drivers/BSP/Components/LSM6DSM_ACC_GYRO_driver.o
                0x000000000800d554                LSM6DSM_ACC_GYRO_W_BDU
 .text.LSM6DSM_ACC_GYRO_W_I2C_DISABLE
                0x000000000800d5ac       0x58 ./Drivers/BSP/Components/LSM6DSM_ACC_GYRO_driver.o
                0x000000000800d5ac                LSM6DSM_ACC_GYRO_W_I2C_DISABLE
 .text.LSM6DSM_ACC_GYRO_W_PedoStepReset
                0x000000000800d604       0x58 ./Drivers/BSP/Components/LSM6DSM_ACC_GYRO_driver.o
                0x000000000800d604                LSM6DSM_ACC_GYRO_W_PedoStepReset
 .text.LSM6DSM_ACC_GYRO_W_TILT
                0x000000000800d65c       0x58 ./Drivers/BSP/Components/LSM6DSM_ACC_GYRO_driver.o
                0x000000000800d65c                LSM6DSM_ACC_GYRO_W_TILT
 .text.LSM6DSM_ACC_GYRO_W_PEDO
                0x000000000800d6b4       0x58 ./Drivers/BSP/Components/LSM6DSM_ACC_GYRO_driver.o
                0x000000000800d6b4                LSM6DSM_ACC_GYRO_W_PEDO
 .text.LSM6DSM_ACC_GYRO_W_FUNC_EN
                0x000000000800d70c       0x58 ./Drivers/BSP/Components/LSM6DSM_ACC_GYRO_driver.o
                0x000000000800d70c                LSM6DSM_ACC_GYRO_W_FUNC_EN
 .text.LSM6DSM_ACC_GYRO_R_WU_EV_STATUS
                0x000000000800d764       0x36 ./Drivers/BSP/Components/LSM6DSM_ACC_GYRO_driver.o
                0x000000000800d764                LSM6DSM_ACC_GYRO_R_WU_EV_STATUS
 .text.LSM6DSM_ACC_GYRO_R_FF_EV_STATUS
                0x000000000800d79a       0x36 ./Drivers/BSP/Components/LSM6DSM_ACC_GYRO_driver.o
                0x000000000800d79a                LSM6DSM_ACC_GYRO_R_FF_EV_STATUS
 .text.LSM6DSM_ACC_GYRO_R_DOUBLE_TAP_EV_STATUS
                0x000000000800d7d0       0x36 ./Drivers/BSP/Components/LSM6DSM_ACC_GYRO_driver.o
                0x000000000800d7d0                LSM6DSM_ACC_GYRO_R_DOUBLE_TAP_EV_STATUS
 .text.LSM6DSM_ACC_GYRO_R_SINGLE_TAP_EV_STATUS
                0x000000000800d806       0x36 ./Drivers/BSP/Components/LSM6DSM_ACC_GYRO_driver.o
                0x000000000800d806                LSM6DSM_ACC_GYRO_R_SINGLE_TAP_EV_STATUS
 .text.LSM6DSM_ACC_GYRO_R_DSD_XL
                0x000000000800d83c       0x36 ./Drivers/BSP/Components/LSM6DSM_ACC_GYRO_driver.o
                0x000000000800d83c                LSM6DSM_ACC_GYRO_R_DSD_XL
 .text.LSM6DSM_ACC_GYRO_R_DSD_XH
                0x000000000800d872       0x36 ./Drivers/BSP/Components/LSM6DSM_ACC_GYRO_driver.o
                0x000000000800d872                LSM6DSM_ACC_GYRO_R_DSD_XH
 .text.LSM6DSM_ACC_GYRO_R_DSD_YL
                0x000000000800d8a8       0x36 ./Drivers/BSP/Components/LSM6DSM_ACC_GYRO_driver.o
                0x000000000800d8a8                LSM6DSM_ACC_GYRO_R_DSD_YL
 .text.LSM6DSM_ACC_GYRO_R_DSD_YH
                0x000000000800d8de       0x36 ./Drivers/BSP/Components/LSM6DSM_ACC_GYRO_driver.o
                0x000000000800d8de                LSM6DSM_ACC_GYRO_R_DSD_YH
 .text.LSM6DSM_ACC_GYRO_R_DSD_ZL
                0x000000000800d914       0x36 ./Drivers/BSP/Components/LSM6DSM_ACC_GYRO_driver.o
                0x000000000800d914                LSM6DSM_ACC_GYRO_R_DSD_ZL
 .text.LSM6DSM_ACC_GYRO_R_DSD_ZH
                0x000000000800d94a       0x36 ./Drivers/BSP/Components/LSM6DSM_ACC_GYRO_driver.o
                0x000000000800d94a                LSM6DSM_ACC_GYRO_R_DSD_ZH
 .text.LSM6DSM_ACC_GYRO_R_D6D_EV_STATUS
                0x000000000800d980       0x36 ./Drivers/BSP/Components/LSM6DSM_ACC_GYRO_driver.o
                0x000000000800d980                LSM6DSM_ACC_GYRO_R_D6D_EV_STATUS
 .text.LSM6DSM_ACC_GYRO_R_XLDA
                0x000000000800d9b6       0x36 ./Drivers/BSP/Components/LSM6DSM_ACC_GYRO_driver.o
                0x000000000800d9b6                LSM6DSM_ACC_GYRO_R_XLDA
 .text.LSM6DSM_ACC_GYRO_R_GDA
                0x000000000800d9ec       0x36 ./Drivers/BSP/Components/LSM6DSM_ACC_GYRO_driver.o
                0x000000000800d9ec                LSM6DSM_ACC_GYRO_R_GDA
 .text.LSM6DSM_ACC_GYRO_R_PEDO_EV_STATUS
                0x000000000800da22       0x36 ./Drivers/BSP/Components/LSM6DSM_ACC_GYRO_driver.o
                0x000000000800da22                LSM6DSM_ACC_GYRO_R_PEDO_EV_STATUS
 .text.LSM6DSM_ACC_GYRO_R_TILT_EV_STATUS
                0x000000000800da58       0x36 ./Drivers/BSP/Components/LSM6DSM_ACC_GYRO_driver.o
                0x000000000800da58                LSM6DSM_ACC_GYRO_R_TILT_EV_STATUS
 .text.LSM6DSM_ACC_GYRO_W_TAP_Z_EN
                0x000000000800da8e       0x58 ./Drivers/BSP/Components/LSM6DSM_ACC_GYRO_driver.o
                0x000000000800da8e                LSM6DSM_ACC_GYRO_W_TAP_Z_EN
 .text.LSM6DSM_ACC_GYRO_W_TAP_Y_EN
                0x000000000800dae6       0x58 ./Drivers/BSP/Components/LSM6DSM_ACC_GYRO_driver.o
                0x000000000800dae6                LSM6DSM_ACC_GYRO_W_TAP_Y_EN
 .text.LSM6DSM_ACC_GYRO_W_TAP_X_EN
                0x000000000800db3e       0x58 ./Drivers/BSP/Components/LSM6DSM_ACC_GYRO_driver.o
                0x000000000800db3e                LSM6DSM_ACC_GYRO_W_TAP_X_EN
 .text.LSM6DSM_ACC_GYRO_W_BASIC_INT
                0x000000000800db96       0x58 ./Drivers/BSP/Components/LSM6DSM_ACC_GYRO_driver.o
                0x000000000800db96                LSM6DSM_ACC_GYRO_W_BASIC_INT
 .text.LSM6DSM_ACC_GYRO_W_TAP_THS
                0x000000000800dbee       0x60 ./Drivers/BSP/Components/LSM6DSM_ACC_GYRO_driver.o
                0x000000000800dbee                LSM6DSM_ACC_GYRO_W_TAP_THS
 .text.LSM6DSM_ACC_GYRO_W_SIXD_THS
                0x000000000800dc4e       0x58 ./Drivers/BSP/Components/LSM6DSM_ACC_GYRO_driver.o
                0x000000000800dc4e                LSM6DSM_ACC_GYRO_W_SIXD_THS
 .text.LSM6DSM_ACC_GYRO_W_SHOCK_Duration
                0x000000000800dca6       0x60 ./Drivers/BSP/Components/LSM6DSM_ACC_GYRO_driver.o
                0x000000000800dca6                LSM6DSM_ACC_GYRO_W_SHOCK_Duration
 .text.LSM6DSM_ACC_GYRO_W_QUIET_Duration
                0x000000000800dd06       0x66 ./Drivers/BSP/Components/LSM6DSM_ACC_GYRO_driver.o
                0x000000000800dd06                LSM6DSM_ACC_GYRO_W_QUIET_Duration
 .text.LSM6DSM_ACC_GYRO_W_DUR
                0x000000000800dd6c       0x66 ./Drivers/BSP/Components/LSM6DSM_ACC_GYRO_driver.o
                0x000000000800dd6c                LSM6DSM_ACC_GYRO_W_DUR
 .text.LSM6DSM_ACC_GYRO_W_WK_THS
                0x000000000800ddd2       0x60 ./Drivers/BSP/Components/LSM6DSM_ACC_GYRO_driver.o
                0x000000000800ddd2                LSM6DSM_ACC_GYRO_W_WK_THS
 .text.LSM6DSM_ACC_GYRO_W_SINGLE_DOUBLE_TAP_EV
                0x000000000800de32       0x58 ./Drivers/BSP/Components/LSM6DSM_ACC_GYRO_driver.o
                0x000000000800de32                LSM6DSM_ACC_GYRO_W_SINGLE_DOUBLE_TAP_EV
 .text.LSM6DSM_ACC_GYRO_W_SLEEP_DUR
                0x000000000800de8a       0x60 ./Drivers/BSP/Components/LSM6DSM_ACC_GYRO_driver.o
                0x000000000800de8a                LSM6DSM_ACC_GYRO_W_SLEEP_DUR
 .text.LSM6DSM_ACC_GYRO_W_TIMER_HR
                0x000000000800deea       0x58 ./Drivers/BSP/Components/LSM6DSM_ACC_GYRO_driver.o
                0x000000000800deea                LSM6DSM_ACC_GYRO_W_TIMER_HR
 .text.LSM6DSM_ACC_GYRO_W_WAKE_DUR
                0x000000000800df42       0x66 ./Drivers/BSP/Components/LSM6DSM_ACC_GYRO_driver.o
                0x000000000800df42                LSM6DSM_ACC_GYRO_W_WAKE_DUR
 .text.LSM6DSM_ACC_GYRO_W_FF_THS
                0x000000000800dfa8       0x58 ./Drivers/BSP/Components/LSM6DSM_ACC_GYRO_driver.o
                0x000000000800dfa8                LSM6DSM_ACC_GYRO_W_FF_THS
 .text.LSM6DSM_ACC_GYRO_W_FF_Duration
                0x000000000800e000       0xca ./Drivers/BSP/Components/LSM6DSM_ACC_GYRO_driver.o
                0x000000000800e000                LSM6DSM_ACC_GYRO_W_FF_Duration
 .text.LSM6DSM_ACC_GYRO_W_TiltEvOnInt2
                0x000000000800e0ca       0x58 ./Drivers/BSP/Components/LSM6DSM_ACC_GYRO_driver.o
                0x000000000800e0ca                LSM6DSM_ACC_GYRO_W_TiltEvOnInt2
 .text.LSM6DSM_ACC_GYRO_W_6DEvOnInt2
                0x000000000800e122       0x58 ./Drivers/BSP/Components/LSM6DSM_ACC_GYRO_driver.o
                0x000000000800e122                LSM6DSM_ACC_GYRO_W_6DEvOnInt2
 .text.LSM6DSM_ACC_GYRO_W_TapEvOnInt2
                0x000000000800e17a       0x58 ./Drivers/BSP/Components/LSM6DSM_ACC_GYRO_driver.o
                0x000000000800e17a                LSM6DSM_ACC_GYRO_W_TapEvOnInt2
 .text.LSM6DSM_ACC_GYRO_W_FFEvOnInt2
                0x000000000800e1d2       0x58 ./Drivers/BSP/Components/LSM6DSM_ACC_GYRO_driver.o
                0x000000000800e1d2                LSM6DSM_ACC_GYRO_W_FFEvOnInt2
 .text.LSM6DSM_ACC_GYRO_W_WUEvOnInt2
                0x000000000800e22a       0x58 ./Drivers/BSP/Components/LSM6DSM_ACC_GYRO_driver.o
                0x000000000800e22a                LSM6DSM_ACC_GYRO_W_WUEvOnInt2
 .text.LSM6DSM_ACC_GYRO_W_SingleTapOnInt2
                0x000000000800e282       0x58 ./Drivers/BSP/Components/LSM6DSM_ACC_GYRO_driver.o
                0x000000000800e282                LSM6DSM_ACC_GYRO_W_SingleTapOnInt2
 .text.LSM6DSM_ACC_GYRO_GetRawGyroData
                0x000000000800e2da       0x66 ./Drivers/BSP/Components/LSM6DSM_ACC_GYRO_driver.o
                0x000000000800e2da                LSM6DSM_ACC_GYRO_GetRawGyroData
 .text.LSM6DSM_ACC_GYRO_GetRawAccData
                0x000000000800e340       0x66 ./Drivers/BSP/Components/LSM6DSM_ACC_GYRO_driver.o
                0x000000000800e340                LSM6DSM_ACC_GYRO_GetRawAccData
 .text.LSM6DSM_ACC_GYRO_Get_GetStepCounter
                0x000000000800e3a6       0x66 ./Drivers/BSP/Components/LSM6DSM_ACC_GYRO_driver.o
                0x000000000800e3a6                LSM6DSM_ACC_GYRO_Get_GetStepCounter
 .text.LSM6DSM_ACC_GYRO_W_PedoThreshold
                0x000000000800e40c       0x88 ./Drivers/BSP/Components/LSM6DSM_ACC_GYRO_driver.o
                0x000000000800e40c                LSM6DSM_ACC_GYRO_W_PedoThreshold
 .text.LSM6DSM_X_Init
                0x000000000800e494       0xa4 ./Drivers/BSP/Components/LSM6DSM_ACC_GYRO_driver_HL.o
 .text.LSM6DSM_X_DeInit
                0x000000000800e538       0xc8 ./Drivers/BSP/Components/LSM6DSM_ACC_GYRO_driver_HL.o
 .text.LSM6DSM_X_Sensor_Enable
                0x000000000800e600       0x4a ./Drivers/BSP/Components/LSM6DSM_ACC_GYRO_driver_HL.o
 .text.LSM6DSM_X_Sensor_Disable
                0x000000000800e64a       0x58 ./Drivers/BSP/Components/LSM6DSM_ACC_GYRO_driver_HL.o
 .text.LSM6DSM_X_Get_WhoAmI
                0x000000000800e6a2       0x1c ./Drivers/BSP/Components/LSM6DSM_ACC_GYRO_driver_HL.o
 .text.LSM6DSM_X_Check_WhoAmI
                0x000000000800e6be       0x18 ./Drivers/BSP/Components/LSM6DSM_ACC_GYRO_driver_HL.o
 .text.LSM6DSM_X_Get_Axes
                0x000000000800e6d6       0xa6 ./Drivers/BSP/Components/LSM6DSM_ACC_GYRO_driver_HL.o
 .text.LSM6DSM_X_Get_AxesRaw
                0x000000000800e77c       0x42 ./Drivers/BSP/Components/LSM6DSM_ACC_GYRO_driver_HL.o
 *fill*         0x000000000800e7be        0x2 
 .text.LSM6DSM_X_Get_Sensitivity
                0x000000000800e7c0       0xa8 ./Drivers/BSP/Components/LSM6DSM_ACC_GYRO_driver_HL.o
 .text.LSM6DSM_X_Get_ODR
                0x000000000800e868      0x110 ./Drivers/BSP/Components/LSM6DSM_ACC_GYRO_driver_HL.o
 .text.LSM6DSM_X_Set_ODR
                0x000000000800e978       0x46 ./Drivers/BSP/Components/LSM6DSM_ACC_GYRO_driver_HL.o
 .text.LSM6DSM_X_Set_ODR_Value
                0x000000000800e9be       0x46 ./Drivers/BSP/Components/LSM6DSM_ACC_GYRO_driver_HL.o
 .text.LSM6DSM_X_Get_FS
                0x000000000800ea04       0xa0 ./Drivers/BSP/Components/LSM6DSM_ACC_GYRO_driver_HL.o
 .text.LSM6DSM_X_Set_FS
                0x000000000800eaa4       0x54 ./Drivers/BSP/Components/LSM6DSM_ACC_GYRO_driver_HL.o
 .text.LSM6DSM_X_Set_FS_Value
                0x000000000800eaf8       0x70 ./Drivers/BSP/Components/LSM6DSM_ACC_GYRO_driver_HL.o
 .text.LSM6DSM_G_Init
                0x000000000800eb68       0xa4 ./Drivers/BSP/Components/LSM6DSM_ACC_GYRO_driver_HL.o
 .text.LSM6DSM_G_DeInit
                0x000000000800ec0c       0x58 ./Drivers/BSP/Components/LSM6DSM_ACC_GYRO_driver_HL.o
 .text.LSM6DSM_G_Sensor_Enable
                0x000000000800ec64       0x4a ./Drivers/BSP/Components/LSM6DSM_ACC_GYRO_driver_HL.o
 .text.LSM6DSM_G_Sensor_Disable
                0x000000000800ecae       0x58 ./Drivers/BSP/Components/LSM6DSM_ACC_GYRO_driver_HL.o
 .text.LSM6DSM_G_Get_WhoAmI
                0x000000000800ed06       0x1c ./Drivers/BSP/Components/LSM6DSM_ACC_GYRO_driver_HL.o
 .text.LSM6DSM_G_Check_WhoAmI
                0x000000000800ed22       0x18 ./Drivers/BSP/Components/LSM6DSM_ACC_GYRO_driver_HL.o
 .text.LSM6DSM_G_Get_Axes
                0x000000000800ed3a       0xa6 ./Drivers/BSP/Components/LSM6DSM_ACC_GYRO_driver_HL.o
 .text.LSM6DSM_G_Get_AxesRaw
                0x000000000800ede0       0x42 ./Drivers/BSP/Components/LSM6DSM_ACC_GYRO_driver_HL.o
 *fill*         0x000000000800ee22        0x2 
 .text.LSM6DSM_G_Get_Sensitivity
                0x000000000800ee24       0xd0 ./Drivers/BSP/Components/LSM6DSM_ACC_GYRO_driver_HL.o
 .text.LSM6DSM_G_Get_ODR
                0x000000000800eef4      0x110 ./Drivers/BSP/Components/LSM6DSM_ACC_GYRO_driver_HL.o
 .text.LSM6DSM_G_Set_ODR
                0x000000000800f004       0x46 ./Drivers/BSP/Components/LSM6DSM_ACC_GYRO_driver_HL.o
 .text.LSM6DSM_G_Set_ODR_Value
                0x000000000800f04a       0x46 ./Drivers/BSP/Components/LSM6DSM_ACC_GYRO_driver_HL.o
 .text.LSM6DSM_G_Get_FS
                0x000000000800f090       0xd0 ./Drivers/BSP/Components/LSM6DSM_ACC_GYRO_driver_HL.o
 .text.LSM6DSM_G_Set_FS
                0x000000000800f160       0x54 ./Drivers/BSP/Components/LSM6DSM_ACC_GYRO_driver_HL.o
 .text.LSM6DSM_G_Set_FS_Value
                0x000000000800f1b4       0xb8 ./Drivers/BSP/Components/LSM6DSM_ACC_GYRO_driver_HL.o
 .text.LSM6DSM_Get_WhoAmI
                0x000000000800f26c       0x26 ./Drivers/BSP/Components/LSM6DSM_ACC_GYRO_driver_HL.o
 .text.LSM6DSM_Check_WhoAmI
                0x000000000800f292       0x3a ./Drivers/BSP/Components/LSM6DSM_ACC_GYRO_driver_HL.o
 .text.LSM6DSM_X_Get_Axes_Raw
                0x000000000800f2cc       0x84 ./Drivers/BSP/Components/LSM6DSM_ACC_GYRO_driver_HL.o
 .text.LSM6DSM_X_Set_ODR_When_Enabled
                0x000000000800f350       0x6c ./Drivers/BSP/Components/LSM6DSM_ACC_GYRO_driver_HL.o
 .text.LSM6DSM_X_Set_ODR_When_Disabled
                0x000000000800f3bc       0x84 ./Drivers/BSP/Components/LSM6DSM_ACC_GYRO_driver_HL.o
 .text.LSM6DSM_X_Set_ODR_Value_When_Enabled
                0x000000000800f440      0x110 ./Drivers/BSP/Components/LSM6DSM_ACC_GYRO_driver_HL.o
 .text.LSM6DSM_X_Set_ODR_Value_When_Disabled
                0x000000000800f550      0x138 ./Drivers/BSP/Components/LSM6DSM_ACC_GYRO_driver_HL.o
 .text.LSM6DSM_G_Get_Axes_Raw
                0x000000000800f688       0x84 ./Drivers/BSP/Components/LSM6DSM_ACC_GYRO_driver_HL.o
 .text.LSM6DSM_G_Set_ODR_When_Enabled
                0x000000000800f70c       0x6c ./Drivers/BSP/Components/LSM6DSM_ACC_GYRO_driver_HL.o
 .text.LSM6DSM_G_Set_ODR_When_Disabled
                0x000000000800f778       0x84 ./Drivers/BSP/Components/LSM6DSM_ACC_GYRO_driver_HL.o
 .text.LSM6DSM_G_Set_ODR_Value_When_Enabled
                0x000000000800f7fc      0x110 ./Drivers/BSP/Components/LSM6DSM_ACC_GYRO_driver_HL.o
 .text.LSM6DSM_G_Set_ODR_Value_When_Disabled
                0x000000000800f90c      0x138 ./Drivers/BSP/Components/LSM6DSM_ACC_GYRO_driver_HL.o
 .text.LSM6DSM_X_Enable_Free_Fall_Detection
                0x000000000800fa44       0xbc ./Drivers/BSP/Components/LSM6DSM_ACC_GYRO_driver_HL.o
 .text.LSM6DSM_X_Disable_Free_Fall_Detection
                0x000000000800fb00       0x5a ./Drivers/BSP/Components/LSM6DSM_ACC_GYRO_driver_HL.o
 .text.LSM6DSM_X_Get_Free_Fall_Detection_Status
                0x000000000800fb5a       0x48 ./Drivers/BSP/Components/LSM6DSM_ACC_GYRO_driver_HL.o
 .text.LSM6DSM_X_Set_Free_Fall_Threshold
                0x000000000800fba2       0x2a ./Drivers/BSP/Components/LSM6DSM_ACC_GYRO_driver_HL.o
 .text.LSM6DSM_X_Enable_Pedometer
                0x000000000800fbcc       0x80 ./Drivers/BSP/Components/LSM6DSM_ACC_GYRO_driver_HL.o
 .text.LSM6DSM_X_Disable_Pedometer
                0x000000000800fc4c       0x5a ./Drivers/BSP/Components/LSM6DSM_ACC_GYRO_driver_HL.o
 .text.LSM6DSM_X_Get_Pedometer_Status
                0x000000000800fca6       0x48 ./Drivers/BSP/Components/LSM6DSM_ACC_GYRO_driver_HL.o
 .text.LSM6DSM_X_Get_Step_Count
                0x000000000800fcee       0x26 ./Drivers/BSP/Components/LSM6DSM_ACC_GYRO_driver_HL.o
 .text.LSM6DSM_X_Enable_Step_Counter_Reset
                0x000000000800fd14       0x24 ./Drivers/BSP/Components/LSM6DSM_ACC_GYRO_driver_HL.o
 .text.LSM6DSM_X_Disable_Step_Counter_Reset
                0x000000000800fd38       0x24 ./Drivers/BSP/Components/LSM6DSM_ACC_GYRO_driver_HL.o
 .text.LSM6DSM_X_Set_Pedometer_Threshold
                0x000000000800fd5c       0x2a ./Drivers/BSP/Components/LSM6DSM_ACC_GYRO_driver_HL.o
 .text.LSM6DSM_X_Enable_Tilt_Detection
                0x000000000800fd86       0x6e ./Drivers/BSP/Components/LSM6DSM_ACC_GYRO_driver_HL.o
 .text.LSM6DSM_X_Disable_Tilt_Detection
                0x000000000800fdf4       0x48 ./Drivers/BSP/Components/LSM6DSM_ACC_GYRO_driver_HL.o
 .text.LSM6DSM_X_Get_Tilt_Detection_Status
                0x000000000800fe3c       0x48 ./Drivers/BSP/Components/LSM6DSM_ACC_GYRO_driver_HL.o
 .text.LSM6DSM_X_Enable_Wake_Up_Detection
                0x000000000800fe84       0x84 ./Drivers/BSP/Components/LSM6DSM_ACC_GYRO_driver_HL.o
 .text.LSM6DSM_X_Disable_Wake_Up_Detection
                0x000000000800ff08       0x5a ./Drivers/BSP/Components/LSM6DSM_ACC_GYRO_driver_HL.o
 .text.LSM6DSM_X_Get_Wake_Up_Detection_Status
                0x000000000800ff62       0x48 ./Drivers/BSP/Components/LSM6DSM_ACC_GYRO_driver_HL.o
 .text.LSM6DSM_X_Set_Wake_Up_Threshold
                0x000000000800ffaa       0x2a ./Drivers/BSP/Components/LSM6DSM_ACC_GYRO_driver_HL.o
 .text.LSM6DSM_X_Enable_Single_Tap_Detection
                0x000000000800ffd4       0xcc ./Drivers/BSP/Components/LSM6DSM_ACC_GYRO_driver_HL.o
 .text.LSM6DSM_X_Disable_Single_Tap_Detection
                0x00000000080100a0       0xa2 ./Drivers/BSP/Components/LSM6DSM_ACC_GYRO_driver_HL.o
 .text.LSM6DSM_X_Get_Single_Tap_Detection_Status
                0x0000000008010142       0x48 ./Drivers/BSP/Components/LSM6DSM_ACC_GYRO_driver_HL.o
 *fill*         0x000000000801018a        0x2 
 .text.LSM6DSM_X_Enable_Double_Tap_Detection
                0x000000000801018c       0xf0 ./Drivers/BSP/Components/LSM6DSM_ACC_GYRO_driver_HL.o
 .text.LSM6DSM_X_Disable_Double_Tap_Detection
                0x000000000801027c       0xc6 ./Drivers/BSP/Components/LSM6DSM_ACC_GYRO_driver_HL.o
 .text.LSM6DSM_X_Get_Double_Tap_Detection_Status
                0x0000000008010342       0x48 ./Drivers/BSP/Components/LSM6DSM_ACC_GYRO_driver_HL.o
 .text.LSM6DSM_X_Set_Tap_Threshold
                0x000000000801038a       0x2a ./Drivers/BSP/Components/LSM6DSM_ACC_GYRO_driver_HL.o
 .text.LSM6DSM_X_Set_Tap_Shock_Time
                0x00000000080103b4       0x2a ./Drivers/BSP/Components/LSM6DSM_ACC_GYRO_driver_HL.o
 .text.LSM6DSM_X_Set_Tap_Quiet_Time
                0x00000000080103de       0x2a ./Drivers/BSP/Components/LSM6DSM_ACC_GYRO_driver_HL.o
 .text.LSM6DSM_X_Set_Tap_Duration_Time
                0x0000000008010408       0x2a ./Drivers/BSP/Components/LSM6DSM_ACC_GYRO_driver_HL.o
 *fill*         0x0000000008010432        0x2 
 .text.LSM6DSM_X_Enable_6D_Orientation
                0x0000000008010434       0x74 ./Drivers/BSP/Components/LSM6DSM_ACC_GYRO_driver_HL.o
 .text.LSM6DSM_X_Disable_6D_Orientation
                0x00000000080104a8       0x48 ./Drivers/BSP/Components/LSM6DSM_ACC_GYRO_driver_HL.o
 .text.LSM6DSM_X_Get_6D_Orientation_Status
                0x00000000080104f0       0x48 ./Drivers/BSP/Components/LSM6DSM_ACC_GYRO_driver_HL.o
 .text.LSM6DSM_X_Get_6D_Orientation_XL
                0x0000000008010538       0x48 ./Drivers/BSP/Components/LSM6DSM_ACC_GYRO_driver_HL.o
 .text.LSM6DSM_X_Get_6D_Orientation_XH
                0x0000000008010580       0x48 ./Drivers/BSP/Components/LSM6DSM_ACC_GYRO_driver_HL.o
 .text.LSM6DSM_X_Get_6D_Orientation_YL
                0x00000000080105c8       0x48 ./Drivers/BSP/Components/LSM6DSM_ACC_GYRO_driver_HL.o
 .text.LSM6DSM_X_Get_6D_Orientation_YH
                0x0000000008010610       0x48 ./Drivers/BSP/Components/LSM6DSM_ACC_GYRO_driver_HL.o
 .text.LSM6DSM_X_Get_6D_Orientation_ZL
                0x0000000008010658       0x48 ./Drivers/BSP/Components/LSM6DSM_ACC_GYRO_driver_HL.o
 .text.LSM6DSM_X_Get_6D_Orientation_ZH
                0x00000000080106a0       0x48 ./Drivers/BSP/Components/LSM6DSM_ACC_GYRO_driver_HL.o
 .text.LSM6DSM_X_Read_Reg
                0x00000000080106e8       0x2e ./Drivers/BSP/Components/LSM6DSM_ACC_GYRO_driver_HL.o
 .text.LSM6DSM_X_Write_Reg
                0x0000000008010716       0x30 ./Drivers/BSP/Components/LSM6DSM_ACC_GYRO_driver_HL.o
 .text.LSM6DSM_X_Get_DRDY_Status
                0x0000000008010746       0x48 ./Drivers/BSP/Components/LSM6DSM_ACC_GYRO_driver_HL.o
 .text.LSM6DSM_G_Read_Reg
                0x000000000801078e       0x2e ./Drivers/BSP/Components/LSM6DSM_ACC_GYRO_driver_HL.o
 .text.LSM6DSM_G_Write_Reg
                0x00000000080107bc       0x30 ./Drivers/BSP/Components/LSM6DSM_ACC_GYRO_driver_HL.o
 .text.LSM6DSM_G_Get_DRDY_Status
                0x00000000080107ec       0x48 ./Drivers/BSP/Components/LSM6DSM_ACC_GYRO_driver_HL.o
 .text.STC3115_Init
                0x0000000008010834      0x254 ./Drivers/BSP/Components/STC3115_Driver.o
 .text.STC3115_DeInit
                0x0000000008010a88       0x1c ./Drivers/BSP/Components/STC3115_Driver.o
 .text.STC3115_Get_WhoAmI
                0x0000000008010aa4       0x2a ./Drivers/BSP/Components/STC3115_Driver.o
 *fill*         0x0000000008010ace        0x2 
 .text.STC3115_Task
                0x0000000008010ad0      0x2a8 ./Drivers/BSP/Components/STC3115_Driver.o
 .text.STC3115_Reset
                0x0000000008010d78       0x52 ./Drivers/BSP/Components/STC3115_Driver.o
 .text.STC3115_Stop
                0x0000000008010dca       0x4e ./Drivers/BSP/Components/STC3115_Driver.o
 .text.STC3115_GetSOC
                0x0000000008010e18       0x38 ./Drivers/BSP/Components/STC3115_Driver.o
 .text.STC3115_GetOCV
                0x0000000008010e50       0x26 ./Drivers/BSP/Components/STC3115_Driver.o
 .text.STC3115_GetCurrent
                0x0000000008010e76       0x24 ./Drivers/BSP/Components/STC3115_Driver.o
 .text.STC3115_GetTemperature
                0x0000000008010e9a       0x24 ./Drivers/BSP/Components/STC3115_Driver.o
 .text.STC3115_GetVoltage
                0x0000000008010ebe       0x26 ./Drivers/BSP/Components/STC3115_Driver.o
 .text.STC3115_GetChargeValue
                0x0000000008010ee4       0x26 ./Drivers/BSP/Components/STC3115_Driver.o
 .text.STC3115_GetPresence
                0x0000000008010f0a       0x26 ./Drivers/BSP/Components/STC3115_Driver.o
 .text.STC3115_GetAlarmStatus
                0x0000000008010f30       0x2a ./Drivers/BSP/Components/STC3115_Driver.o
 .text.STC3115_Status
                0x0000000008010f5a       0x52 ./Drivers/BSP/Components/STC3115_Driver.o
 .text.STC3115_CalcRamCRC8
                0x0000000008010fac       0x6c ./Drivers/BSP/Components/STC3115_Driver.o
 .text.STC3115_UpdateRamCRC
                0x0000000008011018       0x30 ./Drivers/BSP/Components/STC3115_Driver.o
 .text.STC3115_InitRamData
                0x0000000008011048       0x5a ./Drivers/BSP/Components/STC3115_Driver.o
 .text.STC3115_WriteRamData
                0x00000000080110a2       0x2c ./Drivers/BSP/Components/STC3115_Driver.o
 .text.STC3115_ReadRamData
                0x00000000080110ce       0x2c ./Drivers/BSP/Components/STC3115_Driver.o
 .text.STC3115_ReadBatteryData
                0x00000000080110fa      0x156 ./Drivers/BSP/Components/STC3115_Driver.o
 .text.STC3115_Restore
                0x0000000008011250       0x60 ./Drivers/BSP/Components/STC3115_Driver.o
 .text.STC3115_Powerdown
                0x00000000080112b0       0x42 ./Drivers/BSP/Components/STC3115_Driver.o
 .text.STC3115_conv
                0x00000000080112f2       0x38 ./Drivers/BSP/Components/STC3115_Driver.o
 .text.STC3115_Startup
                0x000000000801132a       0x48 ./Drivers/BSP/Components/STC3115_Driver.o
 .text.STC3115_Read
                0x0000000008011372       0x36 ./Drivers/BSP/Components/STC3115_Driver.o
 .text.STC3115_Write
                0x00000000080113a8       0x36 ./Drivers/BSP/Components/STC3115_Driver.o
 .text.STC3115_ReadWord
                0x00000000080113de       0x3a ./Drivers/BSP/Components/STC3115_Driver.o
 .text.STC3115_WriteWord
                0x0000000008011418       0x38 ./Drivers/BSP/Components/STC3115_Driver.o
 .text.STC3115_SetParam
                0x0000000008011450      0x128 ./Drivers/BSP/Components/STC3115_Driver.o
 .text.BSP_LED_Init